Component: ARM Compiler 5.05 update 1 (build 106) Tool: armlink [4d0efa]

==============================================================================

Section Cross References

    startup_stm32f405xx.o(STACK) refers (Special) to heapauxi.o(.text) for __use_two_region_memory
    startup_stm32f405xx.o(HEAP) refers (Special) to heapauxi.o(.text) for __use_two_region_memory
    startup_stm32f405xx.o(RESET) refers (Special) to heapauxi.o(.text) for __use_two_region_memory
    startup_stm32f405xx.o(RESET) refers to startup_stm32f405xx.o(STACK) for __initial_sp
    startup_stm32f405xx.o(RESET) refers to startup_stm32f405xx.o(.text) for Reset_Handler
    startup_stm32f405xx.o(RESET) refers to stm32f4xx_it.o(i.NMI_Handler) for NMI_Handler
    startup_stm32f405xx.o(RESET) refers to stm32f4xx_it.o(i.HardFault_Handler) for HardFault_Handler
    startup_stm32f405xx.o(RESET) refers to stm32f4xx_it.o(i.MemManage_Handler) for MemManage_Handler
    startup_stm32f405xx.o(RESET) refers to stm32f4xx_it.o(i.BusFault_Handler) for BusFault_Handler
    startup_stm32f405xx.o(RESET) refers to stm32f4xx_it.o(i.UsageFault_Handler) for UsageFault_Handler
    startup_stm32f405xx.o(RESET) refers to stm32f4xx_it.o(i.SVC_Handler) for SVC_Handler
    startup_stm32f405xx.o(RESET) refers to stm32f4xx_it.o(i.DebugMon_Handler) for DebugMon_Handler
    startup_stm32f405xx.o(RESET) refers to stm32f4xx_it.o(i.PendSV_Handler) for PendSV_Handler
    startup_stm32f405xx.o(RESET) refers to stm32f4xx_it.o(i.SysTick_Handler) for SysTick_Handler
    startup_stm32f405xx.o(RESET) refers to stm32f4xx_it.o(i.TIM2_IRQHandler) for TIM2_IRQHandler
    startup_stm32f405xx.o(RESET) refers to stm32f4xx_it.o(i.SPI1_IRQHandler) for SPI1_IRQHandler
    startup_stm32f405xx.o(RESET) refers to stm32f4xx_it.o(i.UART4_IRQHandler) for UART4_IRQHandler
    startup_stm32f405xx.o(.text) refers (Special) to heapauxi.o(.text) for __use_two_region_memory
    startup_stm32f405xx.o(.text) refers to system_stm32f4xx.o(i.SystemInit) for SystemInit
    startup_stm32f405xx.o(.text) refers to __main.o(!!!main) for __main
    startup_stm32f405xx.o(.text) refers to startup_stm32f405xx.o(HEAP) for Heap_Mem
    startup_stm32f405xx.o(.text) refers to startup_stm32f405xx.o(STACK) for Stack_Mem
    max31865.o(i.Get_Fina_Temp) refers to drleqf.o(x$fpl$drleqf) for __aeabi_cdrcmple
    max31865.o(i.Get_Fina_Temp) refers to dleqf.o(x$fpl$dleqf) for __aeabi_cdcmple
    max31865.o(i.Get_Fina_Temp) refers to daddsub_clz.o(x$fpl$dadd) for __aeabi_dadd
    max31865.o(i.Get_Fina_Temp) refers to daddsub_clz.o(x$fpl$dsub) for __aeabi_dsub
    max31865.o(i.MAX31865_GetTemp) refers to max31865.o(i.MAX31865_Read) for MAX31865_Read
    max31865.o(i.MAX31865_GetTemp) refers to dflt_clz.o(x$fpl$dfltu) for __aeabi_ui2d
    max31865.o(i.MAX31865_GetTemp) refers to dmul.o(x$fpl$dmul) for __aeabi_dmul
    max31865.o(i.MAX31865_GetTemp) refers to ddiv.o(x$fpl$ddiv) for __aeabi_ddiv
    max31865.o(i.MAX31865_GetTemp) refers to daddsub_clz.o(x$fpl$drsb) for __aeabi_drsub
    max31865.o(i.MAX31865_GetTemp) refers to daddsub_clz.o(x$fpl$dsub) for __aeabi_dsub
    max31865.o(i.MAX31865_GetTemp) refers to sqrt.o(i.__hardfp_sqrt) for __hardfp_sqrt
    max31865.o(i.MAX31865_Init) refers to max31865.o(i.MAX31865_Write) for MAX31865_Write
    max31865.o(i.MAX31865_Init) refers to stm32f4xx_hal.o(i.HAL_Delay) for HAL_Delay
    max31865.o(i.MAX31865_Read) refers to stm32f4xx_hal_gpio.o(i.HAL_GPIO_WritePin) for HAL_GPIO_WritePin
    max31865.o(i.MAX31865_Read) refers to stm32f4xx_hal_spi.o(i.HAL_SPI_Transmit) for HAL_SPI_Transmit
    max31865.o(i.MAX31865_Read) refers to stm32f4xx_hal_spi.o(i.HAL_SPI_Receive) for HAL_SPI_Receive
    max31865.o(i.MAX31865_Read) refers to spi.o(.bss) for hspi1
    max31865.o(i.MAX31865_Write) refers to stm32f4xx_hal_gpio.o(i.HAL_GPIO_WritePin) for HAL_GPIO_WritePin
    max31865.o(i.MAX31865_Write) refers to stm32f4xx_hal_spi.o(i.HAL_SPI_Transmit) for HAL_SPI_Transmit
    max31865.o(i.MAX31865_Write) refers to spi.o(.bss) for hspi1
    uart_screen.o(i.US_Read_4Byte) refers to rt_memclr_w.o(.text) for __aeabi_memclr4
    uart_screen.o(i.US_Read_4Byte) refers to stm32f4xx_hal_uart.o(i.HAL_UART_Transmit) for HAL_UART_Transmit
    uart_screen.o(i.US_Read_4Byte) refers to usart.o(.bss) for huart4
    uart_screen.o(i.US_Read_4Byte) refers to uart_screen.o(.data) for .data
    uart_screen.o(i.US_Wirte_2Byte) refers to rt_memclr_w.o(.text) for __aeabi_memclr4
    uart_screen.o(i.US_Wirte_2Byte) refers to stm32f4xx_hal_uart.o(i.HAL_UART_Transmit) for HAL_UART_Transmit
    uart_screen.o(i.US_Wirte_2Byte) refers to usart.o(.bss) for huart4
    uart_screen.o(i.US_Write_4Byte) refers to rt_memclr_w.o(.text) for __aeabi_memclr4
    uart_screen.o(i.US_Write_4Byte) refers to stm32f4xx_hal_uart.o(i.HAL_UART_Transmit) for HAL_UART_Transmit
    uart_screen.o(i.US_Write_4Byte) refers to usart.o(.bss) for huart4
    uart_screen.o(i.US_Write_RTC_7) refers to rt_memclr_w.o(.text) for __aeabi_memclr4
[...]
    ../clib/angel/kernel.s                   0x00000000   Number         0  __rtentry.o ABSOLUTE
    ../clib/angel/rt.s                       0x00000000   Number         0  rt_errno_addr.o ABSOLUTE
    ../clib/angel/rt.s                       0x00000000   Number         0  rt_errno_addr_intlibspace.o ABSOLUTE
    ../clib/angel/rt.s                       0x00000000   Number         0  rt_raise.o ABSOLUTE
    ../clib/angel/rt.s                       0x00000000   Number         0  aeabi_ldiv0_sigfpe.o ABSOLUTE
    ../clib/angel/rt.s                       0x00000000   Number         0  aeabi_ldiv0.o ABSOLUTE
    ../clib/angel/rt.s                       0x00000000   Number         0  rt_div0.o ABSOLUTE
    ../clib/angel/scatter.s                  0x00000000   Number         0  __scatter.o ABSOLUTE
    ../clib/angel/startup.s                  0x00000000   Number         0  __main.o ABSOLUTE
    ../clib/angel/sys.s                      0x00000000   Number         0  indicate_semi.o ABSOLUTE
    ../clib/angel/sys.s                      0x00000000   Number         0  libspace.o ABSOLUTE
    ../clib/angel/sys.s                      0x00000000   Number         0  sys_stackheap_outer.o ABSOLUTE
    ../clib/angel/sys.s                      0x00000000   Number         0  use_no_semi.o ABSOLUTE
    ../clib/angel/sysapp.c                   0x00000000   Number         0  sys_exit.o ABSOLUTE
    ../clib/angel/sysapp.c                   0x00000000   Number         0  sys_command.o ABSOLUTE
    ../clib/angel/sysapp.c                   0x00000000   Number         0  sys_wrch.o ABSOLUTE
    ../clib/armsys.c                         0x00000000   Number         0  _get_argv_nomalloc.o ABSOLUTE
    ../clib/armsys.c                         0x00000000   Number         0  argv_veneer.o ABSOLUTE
    ../clib/armsys.c                         0x00000000   Number         0  argv_veneer.o ABSOLUTE
    ../clib/armsys.c                         0x00000000   Number         0  no_argv.o ABSOLUTE
    ../clib/fenv.c                           0x00000000   Number         0  _rserrno.o ABSOLUTE
    ../clib/heapalloc.c                      0x00000000   Number         0  hrguard.o ABSOLUTE
    ../clib/heapaux.c                        0x00000000   Number         0  heapauxi.o ABSOLUTE
    ../clib/libinit.s                        0x00000000   Number         0  libshutdown2.o ABSOLUTE
    ../clib/libinit.s                        0x00000000   Number         0  libinit.o ABSOLUTE
    ../clib/libinit.s                        0x00000000   Number         0  libshutdown.o ABSOLUTE
    ../clib/libinit.s                        0x00000000   Number         0  libinit2.o ABSOLUTE
    ../clib/longlong.s                       0x00000000   Number         0  lludivv7m.o ABSOLUTE
    ../clib/memcpset.s                       0x00000000   Number         0  rt_memclr_w.o ABSOLUTE
    ../clib/signal.c                         0x00000000   Number         0  defsig_pvfn_inner.o ABSOLUTE
    ../clib/signal.c                         0x00000000   Number         0  defsig_stak_inner.o ABSOLUTE
    ../clib/signal.c                         0x00000000   Number         0  defsig_rtmem_formal.o ABSOLUTE
    ../clib/signal.c                         0x00000000   Number         0  defsig_fpe_formal.o ABSOLUTE
    ../clib/signal.c                         0x00000000   Number         0  defsig_rtmem_inner.o ABSOLUTE
    ../clib/signal.c                         0x00000000   Number         0  defsig_rtred_inner.o ABSOLUTE
    ../clib/signal.c                         0x00000000   Number         0  defsig_abrt_inner.o ABSOLUTE
    ../clib/signal.c                         0x00000000   Number         0  __raise.o ABSOLUTE
    ../clib/signal.c                         0x00000000   Number         0  defsig_other.o ABSOLUTE
    ../clib/signal.c                         0x00000000   Number         0  defsig_fpe_outer.o ABSOLUTE
    ../clib/signal.c                         0x00000000   Number         0  defsig_segv_inner.o ABSOLUTE
    ../clib/signal.c                         0x00000000   Number         0  defsig_rtmem_outer.o ABSOLUTE
    ../clib/signal.c                         0x00000000   Number         0  defsig_exit.o ABSOLUTE
    ../clib/signal.c                         0x00000000   Number         0  defsig_fpe_inner.o ABSOLUTE
    ../clib/signal.c                         0x00000000   Number         0  defsig_general.o ABSOLUTE
    ../clib/signal.c                         0x00000000   Number         0  defsig_cppl_inner.o ABSOLUTE
    ../clib/signal.s                         0x00000000   Number         0  defsig.o ABSOLUTE
    ../clib/stdlib.c                         0x00000000   Number         0  exit.o ABSOLUTE
    ../fplib/daddsub.s                       0x00000000   Number         0  daddsub_clz.o ABSOLUTE
    ../fplib/dcmpi.s                         0x00000000   Number         0  dcmpi.o ABSOLUTE
    ../fplib/ddiv.s                          0x00000000   Number         0  ddiv.o ABSOLUTE
    ../fplib/dfix.s                          0x00000000   Number         0  dfix.o ABSOLUTE
    ../fplib/dflt.s                          0x00000000   Number         0  dflt_clz.o ABSOLUTE
    ../fplib/dleqf.s                         0x00000000   Number         0  dleqf.o ABSOLUTE
    ../fplib/dmul.s                          0x00000000   Number         0  dmul.o ABSOLUTE
    ../fplib/dnaninf.s                       0x00000000   Number         0  dnaninf.o ABSOLUTE
    ../fplib/dretinf.s                       0x00000000   Number         0  dretinf.o ABSOLUTE
    ../fplib/drleqf.s                        0x00000000   Number         0  drleqf.o ABSOLUTE
    ../fplib/dsqrt.s                         0x00000000   Number         0  dsqrt_umaal.o ABSOLUTE
    ../fplib/fpinit.s                        0x00000000   Number         0  fpinit.o ABSOLUTE
    ../fplib/usenofp.s                       0x00000000   Number         0  usenofp.o ABSOLUTE
    ../mathlib/fabs.c                        0x00000000   Number         0  fabs.o ABSOLUTE
    ../mathlib/sqrt.c                        0x00000000   Number         0  sqrt_x.o ABSOLUTE
    ../mathlib/sqrt.c                        0x00000000   Number         0  sqrt.o ABSOLUTE
    ..\Core\Src\gpio.c                       0x00000000   Number         0  gpio.o ABSOLUTE
    ..\Core\Src\main.c                       0x00000000   Number         0  main.o ABSOLUTE
    ..\Core\Src\spi.c                        0x00000000   Number         0  spi.o ABSOLUTE
    ..\Core\Src\stm32f4xx_hal_msp.c          0x00000000   Number         0  stm32f4xx_hal_msp.o ABSOLUTE
    ..\Core\Src\stm32f4xx_it.c               0x00000000   Number         0  stm32f4xx_it.o ABSOLUTE
    ..\Core\Src\system_stm32f4xx.c           0x00000000   Number         0  system_stm32f4xx.o ABSOLUTE
    ..\Core\Src\tim.c                        0x00000000   Number         0  tim.o ABSOLUTE
    ..\Core\Src\usart.c                      0x00000000   Number         0  usart.o ABSOLUTE
    ..\Drivers\STM32F4xx_HAL_Driver\Src\stm32f4xx_hal.c 0x00000000   Number         0  stm32f4xx_hal.o ABSOLUTE
    ..\Drivers\STM32F4xx_HAL_Driver\Src\stm32f4xx_hal_cortex.c 0x00000000   Number         0  stm32f4xx_hal_cortex.o ABSOLUTE
    ..\Drivers\STM32F4xx_HAL_Driver\Src\stm32f4xx_hal_dma.c 0x00000000   Number         0  stm32f4xx_hal_dma.o ABSOLUTE
    ..\Drivers\STM32F4xx_HAL_Driver\Src\stm32f4xx_hal_dma_ex.c 0x00000000   Number         0  stm32f4xx_hal_dma_ex.o ABSOLUTE
    ..\Drivers\STM32F4xx_HAL_Driver\Src\stm32f4xx_hal_exti.c 0x00000000   Number         0  stm32f4xx_hal_exti.o ABSOLUTE
    ..\Drivers\STM32F4xx_HAL_Driver\Src\stm32f4xx_hal_flash.c 0x00000000   Number         0  stm32f4xx_hal_flash.o ABSOLUTE
    ..\Drivers\STM32F4xx_HAL_Driver\Src\stm32f4xx_hal_flash_ex.c 0x00000000   Number         0  stm32f4xx_hal_flash_ex.o ABSOLUTE
    ..\Drivers\STM32F4xx_HAL_Driver\Src\stm32f4xx_hal_flash_ramfunc.c 0x00000000   Number         0  stm32f4xx_hal_flash_ramfunc.o ABSOLUTE
    ..\Drivers\STM32F4xx_HAL_Driver\Src\stm32f4xx_hal_gpio.c 0x00000000   Number         0  stm32f4xx_hal_gpio.o ABSOLUTE
    ..\Drivers\STM32F4xx_HAL_Driver\Src\stm32f4xx_hal_pwr.c 0x00000000   Number         0  stm32f4xx_hal_pwr.o ABSOLUTE
    ..\Drivers\STM32F4xx_HAL_Driver\Src\stm32f4xx_hal_pwr_ex.c 0x00000000   Number         0  stm32f4xx_hal_pwr_ex.o ABSOLUTE
    ..\Drivers\STM32F4xx_HAL_Driver\Src\stm32f4xx_hal_rcc.c 0x00000000   Number         0  stm32f4xx_hal_rcc.o ABSOLUTE
    ..\Drivers\STM32F4xx_HAL_Driver\Src\stm32f4xx_hal_rcc_ex.c 0x00000000   Number         0  stm32f4xx_hal_rcc_ex.o ABSOLUTE
    ..\Drivers\STM32F4xx_HAL_Driver\Src\stm32f4xx_hal_spi.c 0x00000000   Number         0  stm32f4xx_hal_spi.o ABSOLUTE
    ..\Drivers\STM32F4xx_HAL_Driver\Src\stm32f4xx_hal_tim.c 0x00000000   Number         0  stm32f4xx_hal_tim.o ABSOLUTE
    ..\Drivers\STM32F4xx_HAL_Driver\Src\stm32f4xx_hal_tim_ex.c 0x00000000   Number         0  stm32f4xx_hal_tim_ex.o ABSOLUTE
    ..\Drivers\STM32F4xx_HAL_Driver\Src\stm32f4xx_hal_uart.c 0x00000000   Number         0  stm32f4xx_hal_uart.o ABSOLUTE
    ..\Peripheral\MAX31865\MAX31865.c        0x00000000   Number         0  max31865.o ABSOLUTE
    ..\Peripheral\UART_Screen\UART_Screen.c  0x00000000   Number         0  uart_screen.o ABSOLUTE
    ..\\Peripheral\\MAX31865\\MAX31865.c     0x00000000   Number         0  max31865.o ABSOLUTE
    ..\\Peripheral\\UART_Screen\\UART_Screen.c 0x00000000   Number         0  uart_screen.o ABSOLUTE
    dc.s                                     0x00000000   Number         0  dc.o ABSOLUTE
    startup_stm32f405xx.s                    0x00000000   Number         0  startup_stm32f405xx.o ABSOLUTE
    RESET                                    0x08000000   Section      392  startup_stm32f405xx.o(RESET)
    !!!main                                  0x08000188   Section        8  __main.o(!!!main)
    !!!scatter                               0x08000190   Section       52  __scatter.o(!!!scatter)
    !!handler_copy                           0x080001c4   Section       26  __scatter_copy.o(!!handler_copy)
    !!handler_zi                             0x080001e0   Section       28  __scatter_zi.o(!!handler_zi)
    .ARM.Collect$$libinit$$00000000          0x080001fc   Section        2  libinit.o(.ARM.Collect$$libinit$$00000000)
    .ARM.Collect$$libinit$$00000001          0x080001fe   Section        4  libinit2.o(.ARM.Collect$$libinit$$00000001)
    .ARM.Collect$$libinit$$00000004          0x08000202   Section        0  libinit2.o(.ARM.Collect$$libinit$$00000004)
    .ARM.Collect$$libinit$$0000000A          0x08000202   Section        0  libinit2.o(.ARM.Collect$$libinit$$0000000A)
    .ARM.Collect$$libinit$$0000000C          0x08000202   Section        0  libinit2.o(.ARM.Collect$$libinit$$0000000C)
    .ARM.Collect$$libinit$$0000000E          0x08000202   Section        0  libinit2.o(.ARM.Collect$$libinit$$0000000E)
    .ARM.Collect$$libinit$$00000011          0x08000202   Section        0  libinit2.o(.ARM.Collect$$libinit$$00000011)
    .ARM.Collect$$libinit$$00000013          0x08000202   Section        0  libinit2.o(.ARM.Collect$$libinit$$00000013)
    .ARM.Collect$$libinit$$00000015          0x08000202   Section        0  libinit2.o(.ARM.Collect$$libinit$$00000015)
    .ARM.Collect$$libinit$$00000017          0x08000202   Section        0  libinit2.o(.ARM.Collect$$libinit$$00000017)
    .ARM.Collect$$libinit$$00000019          0x08000202   Section        0  libinit2.o(.ARM.Collect$$libinit$$00000019)
    .ARM.Collect$$libinit$$0000001B          0x08000202   Section        0  libinit2.o(.ARM.Collect$$libinit$$0000001B)
    .ARM.Collect$$libinit$$0000001D          0x08000202   Section        0  libinit2.o(.ARM.Collect$$libinit$$0000001D)
    .ARM.Collect$$libinit$$0000001F          0x08000202   Section        0  libinit2.o(.ARM.Collect$$libinit$$0000001F)
    .ARM.Collect$$libinit$$00000021          0x08000202   Section        0  libinit2.o(.ARM.Collect$$libinit$$00000021)
    .ARM.Collect$$libinit$$00000023          0x08000202   Section        0  libinit2.o(.ARM.Collect$$libinit$$00000023)
    .ARM.Collect$$libinit$$00000025          0x08000202   Section        0  libinit2.o(.ARM.Collect$$libinit$$00000025)
    .ARM.Collect$$libinit$$0000002C          0x08000202   Section        0  libinit2.o(.ARM.Collect$$libinit$$0000002C)
    .ARM.Collect$$libinit$$0000002E          0x08000202   Section        0  libinit2.o(.ARM.Collect$$libinit$$0000002E)
    .ARM.Collect$$libinit$$00000030          0x08000202   Section        0  libinit2.o(.ARM.Collect$$libinit$$00000030)
    .ARM.Collect$$libinit$$00000032          0x08000202   Section        0  libinit2.o(.ARM.Collect$$libinit$$00000032)
    .ARM.Collect$$libinit$$00000033          0x08000202   Section        2  libinit2.o(.ARM.Collect$$libinit$$00000033)
    .ARM.Collect$$libshutdown$$00000000      0x08000204   Section        2  libshutdown.o(.ARM.Collect$$libshutdown$$00000000)
    .ARM.Collect$$libshutdown$$00000003      0x08000206   Section        0  libshutdown2.o(.ARM.Collect$$libshutdown$$00000003)
    .ARM.Collect$$libshutdown$$00000006      0x08000206   Section        0  libshutdown2.o(.ARM.Collect$$libshutdown$$00000006)
    .ARM.Collect$$libshutdown$$00000009      0x08000206   Section        0  libshutdown2.o(.ARM.Collect$$libshutdown$$00000009)
    .ARM.Collect$$libshutdown$$0000000B      0x08000206   Section        0  libshutdown2.o(.ARM.Collect$$libshutdown$$0000000B)
    .ARM.Collect$$libshutdown$$0000000E      0x08000206   Section        0  libshutdown2.o(.ARM.Collect$$libshutdown$$0000000E)
    .ARM.Collect$$libshutdown$$0000000F      0x08000206   Section        2  libshutdown2.o(.ARM.Collect$$libshutdown$$0000000F)
    .ARM.Collect$$rtentry$$00000000          0x08000208   Section        0  __rtentry.o(.ARM.Collect$$rtentry$$00000000)
    .ARM.Collect$$rtentry$$00000002          0x08000208   Section        0  __rtentry2.o(.ARM.Collect$$rtentry$$00000002)
    .ARM.Collect$$rtentry$$00000004          0x08000208   Section        6  __rtentry4.o(.ARM.Collect$$rtentry$$00000004)
    .ARM.Collect$$rtentry$$00000009          0x0800020e   Section        0  __rtentry2.o(.ARM.Collect$$rtentry$$00000009)
    .ARM.Collect$$rtentry$$0000000A          0x0800020e   Section        4  __rtentry2.o(.ARM.Collect$$rtentry$$0000000A)
    .ARM.Collect$$rtentry$$0000000C          0x08000212   Section        0  __rtentry2.o(.ARM.Collect$$rtentry$$0000000C)
    .ARM.Collect$$rtentry$$0000000D          0x08000212   Section        8  __rtentry2.o(.ARM.Collect$$rtentry$$0000000D)
    .ARM.Collect$$rtexit$$00000000           0x0800021a   Section        2  rtexit.o(.ARM.Collect$$rtexit$$00000000)
    .ARM.Collect$$rtexit$$00000002           0x0800021c   Section        0  rtexit2.o(.ARM.Collect$$rtexit$$00000002)
    .ARM.Collect$$rtexit$$00000003           0x0800021c   Section        4  rtexit2.o(.ARM.Collect$$rtexit$$00000003)
    .ARM.Collect$$rtexit$$00000004           0x08000220   Section        6  rtexit2.o(.ARM.Collect$$rtexit$$00000004)
    .text                                    0x08000228   Section       64  startup_stm32f405xx.o(.text)
    $v0                                      0x08000228   Number         0  startup_stm32f405xx.o(.text)
    .text                                    0x08000268   Section      238  lludivv7m.o(.text)
    .text                                    0x08000356   Section       78  rt_memclr_w.o(.text)
    .text                                    0x080003a4   Section        0  heapauxi.o(.text)
    .text                                    0x080003aa   Section        0  _rserrno.o(.text)
    .text                                    0x080003c0   Section        8  rt_errno_addr_intlibspace.o(.text)
    .text                                    0x080003c8   Section        8  libspace.o(.text)
    .text                                    0x080003d0   Section       74  sys_stackheap_outer.o(.text)
    .text                                    0x0800041a   Section        0  exit.o(.text)
    .text                                    0x08000428   Section        0  sys_exit.o(.text)
    .text                                    0x08000434   Section        2  use_no_semi.o(.text)
    .text                                    0x08000436   Section        0  indicate_semi.o(.text)
    i.BusFault_Handler                       0x08000436   Section        0  stm32f4xx_it.o(i.BusFault_Handler)
    i.DebugMon_Handler                       0x08000438   Section        0  stm32f4xx_it.o(i.DebugMon_Handler)
    i.Error_Handler                          0x0800043a   Section        0  main.o(i.Error_Handler)
    i.Get_Fina_Temp                          0x08000440   Section        0  max31865.o(i.Get_Fina_Temp)
    i.HAL_DMA_Abort                          0x080008d4   Section        0  stm32f4xx_hal_dma.o(i.HAL_DMA_Abort)
    i.HAL_DMA_Abort_IT                       0x08000966   Section        0  stm32f4xx_hal_dma.o(i.HAL_DMA_Abort_IT)
    i.HAL_Delay                              0x0800098c   Section        0  stm32f4xx_hal.o(i.HAL_Delay)
    i.HAL_GPIO_Init                          0x080009b0   Section        0  stm32f4xx_hal_gpio.o(i.HAL_GPIO_Init)
    i.HAL_GPIO_TogglePin                     0x08000ba0   Section        0  stm32f4xx_hal_gpio.o(i.HAL_GPIO_TogglePin)
    i.HAL_GPIO_WritePin                      0x08000bb0   Section        0  stm32f4xx_hal_gpio.o(i.HAL_GPIO_WritePin)
    i.HAL_GetTick                            0x08000bbc   Section        0  stm32f4xx_hal.o(i.HAL_GetTick)
    i.HAL_IncTick                            0x08000bc8   Section        0  stm32f4xx_hal.o(i.HAL_IncTick)
    i.HAL_Init                               0x08000bd8   Section        0  stm32f4xx_hal.o(i.HAL_Init)
    i.HAL_InitTick                           0x08000c0c   Section        0  stm32f4xx_hal.o(i.HAL_InitTick)
    i.HAL_MspInit                            0x08000c4c   Section        0  stm32f4xx_hal_msp.o(i.HAL_MspInit)
    i.HAL_NVIC_EnableIRQ                     0x08000c7c   Section        0  stm32f4xx_hal_cortex.o(i.HAL_NVIC_EnableIRQ)
    i.HAL_NVIC_SetPriority                   0x08000c98   Section        0  stm32f4xx_hal_cortex.o(i.HAL_NVIC_SetPriority)
    i.HAL_NVIC_SetPriorityGrouping           0x08000cd8   Section        0  stm32f4xx_hal_cortex.o(i.HAL_NVIC_SetPriorityGrouping)
    i.HAL_RCC_ClockConfig                    0x08000cfc   Section        0  stm32f4xx_hal_rcc.o(i.HAL_RCC_ClockConfig)
    i.HAL_RCC_GetPCLK1Freq                   0x08000e30   Section        0  stm32f4xx_hal_rcc.o(i.HAL_RCC_GetPCLK1Freq)
    i.HAL_RCC_GetPCLK2Freq                   0x08000e50   Section        0  stm32f4xx_hal_rcc.o(i.HAL_RCC_GetPCLK2Freq)
    i.HAL_RCC_GetSysClockFreq                0x08000e70   Section        0  stm32f4xx_hal_rcc.o(i.HAL_RCC_GetSysClockFreq)
    i.HAL_RCC_OscConfig                      0x08000ed4   Section        0  stm32f4xx_hal_rcc.o(i.HAL_RCC_OscConfig)
    i.HAL_SPI_ErrorCallback                  0x08001240   Section        0  stm32f4xx_hal_spi.o(i.HAL_SPI_ErrorCallback)
    i.HAL_SPI_IRQHandler                     0x08001244   Section        0  stm32f4xx_hal_spi.o(i.HAL_SPI_IRQHandler)
    i.HAL_SPI_Init                           0x08001340   Section        0  stm32f4xx_hal_spi.o(i.HAL_SPI_Init)
    i.HAL_SPI_MspInit                        0x080013fc   Section        0  spi.o(i.HAL_SPI_MspInit)
    i.HAL_SPI_Receive                        0x08001474   Section        0  stm32f4xx_hal_spi.o(i.HAL_SPI_Receive)
    i.HAL_SPI_Transmit                       0x080015ce   Section        0  stm32f4xx_hal_spi.o(i.HAL_SPI_Transmit)
    i.HAL_SPI_TransmitReceive                0x08001734   Section        0  stm32f4xx_hal_spi.o(i.HAL_SPI_TransmitReceive)
    i.HAL_SYSTICK_Config                     0x08001916   Section        0  stm32f4xx_hal_cortex.o(i.HAL_SYSTICK_Config)
    i.HAL_TIMEx_BreakCallback                0x0800193e   Section        0  stm32f4xx_hal_tim_ex.o(i.HAL_TIMEx_BreakCallback)
    i.HAL_TIMEx_CommutCallback               0x08001940   Section        0  stm32f4xx_hal_tim_ex.o(i.HAL_TIMEx_CommutCallback)
    i.HAL_TIMEx_MasterConfigSynchronization  0x08001944   Section        0  stm32f4xx_hal_tim_ex.o(i.HAL_TIMEx_MasterConfigSynchronization)
    i.HAL_TIM_Base_Init                      0x080019d4   Section        0  stm32f4xx_hal_tim.o(i.HAL_TIM_Base_Init)
    i.HAL_TIM_Base_MspInit                   0x08001a30   Section        0  tim.o(i.HAL_TIM_Base_MspInit)
    i.HAL_TIM_Base_Start_IT                  0x08001a68   Section        0  stm32f4xx_hal_tim.o(i.HAL_TIM_Base_Start_IT)
    i.HAL_TIM_ConfigClockSource              0x08001ae8   Section        0  stm32f4xx_hal_tim.o(i.HAL_TIM_ConfigClockSource)
    i.HAL_TIM_IC_CaptureCallback             0x08001bc4   Section        0  stm32f4xx_hal_tim.o(i.HAL_TIM_IC_CaptureCallback)
    i.HAL_TIM_IRQHandler                     0x08001bc6   Section        0  stm32f4xx_hal_tim.o(i.HAL_TIM_IRQHandler)
    i.HAL_TIM_OC_DelayElapsedCallback        0x08001d2c   Section        0  stm32f4xx_hal_tim.o(i.HAL_TIM_OC_DelayElapsedCallback)
    i.HAL_TIM_PWM_PulseFinishedCallback      0x08001d2e   Section        0  stm32f4xx_hal_tim.o(i.HAL_TIM_PWM_PulseFinishedCallback)
    i.HAL_TIM_PeriodElapsedCallback          0x08001d30   Section        0  main.o(i.HAL_TIM_PeriodElapsedCallback)
    i.HAL_TIM_TriggerCallback                0x08001dc4   Section        0  stm32f4xx_hal_tim.o(i.HAL_TIM_TriggerCallback)
    i.HAL_UARTEx_RxEventCallback             0x08001dc6   Section        0  stm32f4xx_hal_uart.o(i.HAL_UARTEx_RxEventCallback)
    i.HAL_UART_ErrorCallback                 0x08001dc8   Section        0  stm32f4xx_hal_uart.o(i.HAL_UART_ErrorCallback)
    i.HAL_UART_IRQHandler                    0x08001dcc   Section        0  stm32f4xx_hal_uart.o(i.HAL_UART_IRQHandler)
    i.HAL_UART_Init                          0x08002034   Section        0  stm32f4xx_hal_uart.o(i.HAL_UART_Init)
    i.HAL_UART_MspInit                       0x08002098   Section        0  usart.o(i.HAL_UART_MspInit)
    i.HAL_UART_Receive_IT                    0x08002110   Section        0  stm32f4xx_hal_uart.o(i.HAL_UART_Receive_IT)
    i.HAL_UART_RxCpltCallback                0x0800213c   Section        0  usart.o(i.HAL_UART_RxCpltCallback)
    i.HAL_UART_Transmit                      0x08002208   Section        0  stm32f4xx_hal_uart.o(i.HAL_UART_Transmit)
    i.HAL_UART_TxCpltCallback                0x080022ba   Section        0  stm32f4xx_hal_uart.o(i.HAL_UART_TxCpltCallback)
    i.HardFault_Handler                      0x080022bc   Section        0  stm32f4xx_it.o(i.HardFault_Handler)
    i.MAX31865_GetTemp                       0x080022c0   Section        0  max31865.o(i.MAX31865_GetTemp)
    i.MAX31865_Init                          0x080023a8   Section        0  max31865.o(i.MAX31865_Init)
    i.MAX31865_Read                          0x080023bc   Section        0  max31865.o(i.MAX31865_Read)
    i.MAX31865_Write                         0x080023fc   Section        0  max31865.o(i.MAX31865_Write)
    i.MX_GPIO_Init                           0x08002434   Section        0  gpio.o(i.MX_GPIO_Init)
    i.MX_SPI1_Init                           0x08002554   Section        0  spi.o(i.MX_SPI1_Init)
    i.MX_TIM2_Init                           0x0800259c   Section        0  tim.o(i.MX_TIM2_Init)
    i.MX_UART4_Init                          0x08002604   Section        0  usart.o(i.MX_UART4_Init)
    i.MemManage_Handler                      0x0800263c   Section        0  stm32f4xx_it.o(i.MemManage_Handler)
    i.NMI_Handler                            0x0800263e   Section        0  stm32f4xx_it.o(i.NMI_Handler)
    i.PendSV_Handler                         0x08002640   Section        0  stm32f4xx_it.o(i.PendSV_Handler)
    i.SPI1_IRQHandler                        0x08002644   Section        0  stm32f4xx_it.o(i.SPI1_IRQHandler)
    i.SPI_DMAAbortOnError                    0x08002650   Section        0  stm32f4xx_hal_spi.o(i.SPI_DMAAbortOnError)
    SPI_DMAAbortOnError                      0x08002651   Thumb Code    16  stm32f4xx_hal_spi.o(i.SPI_DMAAbortOnError)
    i.SPI_EndRxTransaction                   0x08002660   Section        0  stm32f4xx_hal_spi.o(i.SPI_EndRxTransaction)
    SPI_EndRxTransaction                     0x08002661   Thumb Code    92  stm32f4xx_hal_spi.o(i.SPI_EndRxTransaction)
    i.SPI_EndRxTxTransaction                 0x080026bc   Section        0  stm32f4xx_hal_spi.o(i.SPI_EndRxTxTransaction)
    SPI_EndRxTxTransaction                   0x080026bd   Thumb Code    80  stm32f4xx_hal_spi.o(i.SPI_EndRxTxTransaction)
    i.SPI_WaitFlagStateUntilTimeout          0x08002714   Section        0  stm32f4xx_hal_spi.o(i.SPI_WaitFlagStateUntilTimeout)
    SPI_WaitFlagStateUntilTimeout            0x08002715   Thumb Code   180  stm32f4xx_hal_spi.o(i.SPI_WaitFlagStateUntilTimeout)
    i.SVC_Handler                            0x080027cc   Section        0  stm32f4xx_it.o(i.SVC_Handler)
    i.SysTick_Handler                        0x080027ce   Section        0  stm32f4xx_it.o(i.SysTick_Handler)
    i.SystemClock_Config                     0x080027d4   Section        0  main.o(i.SystemClock_Config)
    i.SystemInit                             0x08002868   Section        0  system_stm32f4xx.o(i.SystemInit)
    i.TIM2_IRQHandler                        0x08002878   Section        0  stm32f4xx_it.o(i.TIM2_IRQHandler)
    i.TIM_Base_SetConfig                     0x08002884   Section        0  stm32f4xx_hal_tim.o(i.TIM_Base_SetConfig)
    i.TIM_ETR_SetConfig                      0x0800294c   Section        0  stm32f4xx_hal_tim.o(i.TIM_ETR_SetConfig)
    i.TIM_ITRx_SetConfig                     0x08002960   Section        0  stm32f4xx_hal_tim.o(i.TIM_ITRx_SetConfig)
    TIM_ITRx_SetConfig                       0x08002961   Thumb Code    16  stm32f4xx_hal_tim.o(i.TIM_ITRx_SetConfig)
    i.TIM_TI1_ConfigInputStage               0x08002970   Section        0  stm32f4xx_hal_tim.o(i.TIM_TI1_ConfigInputStage)
    TIM_TI1_ConfigInputStage                 0x08002971   Thumb Code    34  stm32f4xx_hal_tim.o(i.TIM_TI1_ConfigInputStage)
    i.TIM_TI2_ConfigInputStage               0x08002992   Section        0  stm32f4xx_hal_tim.o(i.TIM_TI2_ConfigInputStage)
    TIM_TI2_ConfigInputStage                 0x08002993   Thumb Code    36  stm32f4xx_hal_tim.o(i.TIM_TI2_ConfigInputStage)
    i.UART4_IRQHandler                       0x080029b8   Section        0  stm32f4xx_it.o(i.UART4_IRQHandler)
    i.UART_DMAAbortOnError                   0x080029c4   Section        0  stm32f4xx_hal_uart.o(i.UART_DMAAbortOnError)
    UART_DMAAbortOnError                     0x080029c5   Thumb Code    16  stm32f4xx_hal_uart.o(i.UART_DMAAbortOnError)
    i.UART_EndRxTransfer                     0x080029d4   Section        0  stm32f4xx_hal_uart.o(i.UART_EndRxTransfer)
    UART_EndRxTransfer                       0x080029d5   Thumb Code    78  stm32f4xx_hal_uart.o(i.UART_EndRxTransfer)
    i.UART_Receive_IT                        0x08002a22   Section        0  stm32f4xx_hal_uart.o(i.UART_Receive_IT)
    UART_Receive_IT                          0x08002a23   Thumb Code   192  stm32f4xx_hal_uart.o(i.UART_Receive_IT)
    i.UART_SetConfig                         0x08002ae4   Section        0  stm32f4xx_hal_uart.o(i.UART_SetConfig)
    UART_SetConfig                           0x08002ae5   Thumb Code   258  stm32f4xx_hal_uart.o(i.UART_SetConfig)
    i.UART_Start_Receive_IT                  0x08002bf0   Section        0  stm32f4xx_hal_uart.o(i.UART_Start_Receive_IT)
    i.UART_WaitOnFlagUntilTimeout            0x08002c26   Section        0  stm32f4xx_hal_uart.o(i.UART_WaitOnFlagUntilTimeout)
    UART_WaitOnFlagUntilTimeout              0x08002c27   Thumb Code   120  stm32f4xx_hal_uart.o(i.UART_WaitOnFlagUntilTimeout)
    i.US_Read_4Byte                          0x08002ca0   Section        0  uart_screen.o(i.US_Read_4Byte)
    i.US_Write_4Byte                         0x08002cf4   Section        0  uart_screen.o(i.US_Write_4Byte)
    i.US_Write_RTC_7                         0x08002d50   Section        0  uart_screen.o(i.US_Write_RTC_7)
    i.UsageFault_Handler                     0x08002e30   Section        0  stm32f4xx_it.o(i.UsageFault_Handler)
    i.__NVIC_SetPriority                     0x08002e32   Section        0  stm32f4xx_hal_cortex.o(i.__NVIC_SetPriority)
    __NVIC_SetPriority                       0x08002e33   Thumb Code    32  stm32f4xx_hal_cortex.o(i.__NVIC_SetPriority)
    i.__hardfp_fabs                          0x08002e52   Section        0  fabs.o(i.__hardfp_fabs)
    i.__hardfp_sqrt                          0x08002e66   Section        0  sqrt.o(i.__hardfp_sqrt)
    i.copy_history                           0x08002ee0   Section        0  main.o(i.copy_history)
    i.main                                   0x08002f14   Section        0  main.o(i.main)
    x$fpl$dadd                               0x08003358   Section      336  daddsub_clz.o(x$fpl$dadd)
    $v0                                      0x08003358   Number         0  daddsub_clz.o(x$fpl$dadd)
    _dadd1                                   0x08003369   Thumb Code     0  daddsub_clz.o(x$fpl$dadd)
    x$fpl$dcmpinf                            0x080034a8   Section       24  dcmpi.o(x$fpl$dcmpinf)
    $v0                                      0x080034a8   Number         0  dcmpi.o(x$fpl$dcmpinf)
    x$fpl$ddiv                               0x080034c0   Section      688  ddiv.o(x$fpl$ddiv)
    $v0                                      0x080034c0   Number         0  ddiv.o(x$fpl$ddiv)
    ddiv_entry                               0x080034c7   Thumb Code     0  ddiv.o(x$fpl$ddiv)
    x$fpl$dfix                               0x08003770   Section       94  dfix.o(x$fpl$dfix)
    $v0                                      0x08003770   Number         0  dfix.o(x$fpl$dfix)
    x$fpl$dflt                               0x080037ce   Section       46  dflt_clz.o(x$fpl$dflt)
    $v0                                      0x080037ce   Number         0  dflt_clz.o(x$fpl$dflt)
    x$fpl$dfltu                              0x080037fc   Section       38  dflt_clz.o(x$fpl$dfltu)
    $v0                                      0x080037fc   Number         0  dflt_clz.o(x$fpl$dfltu)
    x$fpl$dleqf                              0x08003824   Section      120  dleqf.o(x$fpl$dleqf)
    $v0                                      0x08003824   Number         0  dleqf.o(x$fpl$dleqf)
    x$fpl$dmul                               0x0800389c   Section      340  dmul.o(x$fpl$dmul)
    $v0                                      0x0800389c   Number         0  dmul.o(x$fpl$dmul)
    x$fpl$dnaninf                            0x080039f0   Section      156  dnaninf.o(x$fpl$dnaninf)
    $v0                                      0x080039f0   Number         0  dnaninf.o(x$fpl$dnaninf)
    x$fpl$dretinf                            0x08003a8c   Section       12  dretinf.o(x$fpl$dretinf)
    $v0                                      0x08003a8c   Number         0  dretinf.o(x$fpl$dretinf)
    x$fpl$drleqf                             0x08003a98   Section      108  drleqf.o(x$fpl$drleqf)
    $v0                                      0x08003a98   Number         0  drleqf.o(x$fpl$drleqf)
    x$fpl$drsb                               0x08003b04   Section       22  daddsub_clz.o(x$fpl$drsb)
    $v0                                      0x08003b04   Number         0  daddsub_clz.o(x$fpl$drsb)
    x$fpl$dsqrt                              0x08003b1c   Section      408  dsqrt_umaal.o(x$fpl$dsqrt)
    $v0                                      0x08003b1c   Number         0  dsqrt_umaal.o(x$fpl$dsqrt)
    x$fpl$dsub                               0x08003cb4   Section      468  daddsub_clz.o(x$fpl$dsub)
    $v0                                      0x08003cb4   Number         0  daddsub_clz.o(x$fpl$dsub)
    _dsub1                                   0x08003cc5   Thumb Code     0  daddsub_clz.o(x$fpl$dsub)
    x$fpl$fpinit                             0x08003e88   Section       10  fpinit.o(x$fpl$fpinit)
    $v0                                      0x08003e88   Number         0  fpinit.o(x$fpl$fpinit)
    .constdata                               0x08003e92   Section       16  system_stm32f4xx.o(.constdata)
    x$fpl$usenofp                            0x08003e92   Section        0  usenofp.o(x$fpl$usenofp)
    .constdata                               0x08003ea2   Section        8  system_stm32f4xx.o(.constdata)
    .data                                    0x20000000   Section        4  uart_screen.o(.data)
    .data                                    0x20000008   Section       72  main.o(.data)
    .data                                    0x20000050   Section       12  usart.o(.data)
    .data                                    0x2000005c   Section       12  stm32f4xx_hal.o(.data)
    .data                                    0x20000068   Section        4  system_stm32f4xx.o(.data)
    .bss                                     0x2000006c   Section      200  main.o(.bss)
    .bss                                     0x20000134   Section       88  spi.o(.bss)
    .bss                                     0x2000018c   Section       72  tim.o(.bss)
    .bss                                     0x200001d4   Section       88  usart.o(.bss)
    .bss                                     0x2000022c   Section       96  libspace.o(.bss)
    HEAP                                     0x20000290   Section      512  startup_stm32f405xx.o(HEAP)
    Heap_Mem                                 0x20000290   Data         512  startup_stm32f405xx.o(HEAP)
    STACK                                    0x20000490   Section     1024  startup_stm32f405xx.o(STACK)
    Stack_Mem                                0x20000490   Data        1024  startup_stm32f405xx.o(STACK)
    __initial_sp                             0x20000890   Data           0  startup_stm32f405xx.o(STACK)

    Global Symbols

    Symbol Name                              Value     Ov Type        Size  Object(Section)

    BuildAttributes$$THM_ISAv4$E$P$D$K$B$S$7EM$VFPi3$EXTD16$VFPS$VFMA$PE$A:L22UL41UL21$X:L11$S22US41US21$IEEE1$IW$USESV6$~STKCKD$USESV7$~SHL$OTIME$ROPI$IEEEJ$EBA8$UX$STANDARDLIB$REQ8$PRES8$EABIv2 0x00000000   Number         0  anon$$obj.o ABSOLUTE
    __ARM_use_no_argv                        0x00000000   Number         0  main.o ABSOLUTE
    __ARM_exceptions_init                     - Undefined Weak Reference
    __alloca_initialize                       - Undefined Weak Reference
    __arm_preinit_                            - Undefined Weak Reference
    __cpp_initialize__aeabi_                  - Undefined Weak Reference
    __cxa_finalize                            - Undefined Weak Reference
    __rt_locale                               - Undefined Weak Reference
    __sigvec_lookup                           - Undefined Weak Reference
    _atexit_init                              - Undefined Weak Reference
    _call_atexit_fns                          - Undefined Weak Reference
    _clock_init                               - Undefined Weak Reference
    _fp_trap_init                             - Undefined Weak Reference
    _fp_trap_shutdown                         - Undefined Weak Reference
    _get_lc_collate                           - Undefined Weak Reference
    _get_lc_ctype                             - Undefined Weak Reference
    _get_lc_monetary                          - Undefined Weak Reference
    _get_lc_numeric                           - Undefined Weak Reference
    _get_lc_time                              - Undefined Weak Reference
    _getenv_init                              - Undefined Weak Reference
    _handle_redirection                       - Undefined Weak Reference
    _init_alloc                               - Undefined Weak Reference
    _init_user_alloc                          - Undefined Weak Reference
    _initio                                   - Undefined Weak Reference
    _rand_init                                - Undefined Weak Reference
    _signal_finish                            - Undefined Weak Reference
    _signal_init                              - Undefined Weak Reference
    _terminate_alloc                          - Undefined Weak Reference
    _terminate_user_alloc                     - Undefined Weak Reference
    _terminateio                              - Undefined Weak Reference
    __Vectors_Size                           0x00000188   Number         0  startup_stm32f405xx.o ABSOLUTE
    __Vectors                                0x08000000   Data           4  startup_stm32f405xx.o(RESET)
    __Vectors_End                            0x08000188   Data           0  startup_stm32f405xx.o(RESET)
    __main                                   0x08000189   Thumb Code     8  __main.o(!!!main)
    __scatterload                            0x08000191   Thumb Code     0  __scatter.o(!!!scatter)
    __scatterload_rt2                        0x08000191   Thumb Code    44  __scatter.o(!!!scatter)
    __scatterload_rt2_thumb_only             0x08000191   Thumb Code     0  __scatter.o(!!!scatter)
    __scatterload_null                       0x0800019f   Thumb Code     0  __scatter.o(!!!scatter)
    __scatterload_copy                       0x080001c5   Thumb Code    26  __scatter_copy.o(!!handler_copy)
    __scatterload_zeroinit                   0x080001e1   Thumb Code    28  __scatter_zi.o(!!handler_zi)
    __rt_lib_init                            0x080001fd   Thumb Code     0  libinit.o(.ARM.Collect$$libinit$$00000000)
    __rt_lib_init_fp_1                       0x080001ff   Thumb Code     0  libinit2.o(.ARM.Collect$$libinit$$00000001)
    __rt_lib_init_alloca_1                   0x08000203   Thumb Code     0  libinit2.o(.ARM.Collect$$libinit$$0000002E)
    __rt_lib_init_argv_1                     0x08000203   Thumb Code     0  libinit2.o(.ARM.Collect$$libinit$$0000002C)
    __rt_lib_init_atexit_1                   0x08000203   Thumb Code     0  libinit2.o(.ARM.Collect$$libinit$$0000001B)
    __rt_lib_init_clock_1                    0x08000203   Thumb Code     0  libinit2.o(.ARM.Collect$$libinit$$00000021)
    __rt_lib_init_cpp_1                      0x08000203   Thumb Code     0  libinit2.o(.ARM.Collect$$libinit$$00000032)
    __rt_lib_init_exceptions_1               0x08000203   Thumb Code     0  libinit2.o(.ARM.Collect$$libinit$$00000030)
    __rt_lib_init_fp_trap_1                  0x08000203   Thumb Code     0  libinit2.o(.ARM.Collect$$libinit$$0000001F)
    __rt_lib_init_getenv_1                   0x08000203   Thumb Code     0  libinit2.o(.ARM.Collect$$libinit$$00000023)
    __rt_lib_init_heap_1                     0x08000203   Thumb Code     0  libinit2.o(.ARM.Collect$$libinit$$0000000A)
    __rt_lib_init_lc_collate_1               0x08000203   Thumb Code     0  libinit2.o(.ARM.Collect$$libinit$$00000011)
    __rt_lib_init_lc_ctype_1                 0x08000203   Thumb Code     0  libinit2.o(.ARM.Collect$$libinit$$00000013)
    __rt_lib_init_lc_monetary_1              0x08000203   Thumb Code     0  libinit2.o(.ARM.Collect$$libinit$$00000015)
    __rt_lib_init_lc_numeric_1               0x08000203   Thumb Code     0  libinit2.o(.ARM.Collect$$libinit$$00000017)
    __rt_lib_init_lc_time_1                  0x08000203   Thumb Code     0  libinit2.o(.ARM.Collect$$libinit$$00000019)
    __rt_lib_init_preinit_1                  0x08000203   Thumb Code     0  libinit2.o(.ARM.Collect$$libinit$$00000004)
    __rt_lib_init_rand_1                     0x08000203   Thumb Code     0  libinit2.o(.ARM.Collect$$libinit$$0000000E)
    __rt_lib_init_return                     0x08000203   Thumb Code     0  libinit2.o(.ARM.Collect$$libinit$$00000033)
    __rt_lib_init_signal_1                   0x08000203   Thumb Code     0  libinit2.o(.ARM.Collect$$libinit$$0000001D)
    __rt_lib_init_stdio_1                    0x08000203   Thumb Code     0  libinit2.o(.ARM.Collect$$libinit$$00000025)
    __rt_lib_init_user_alloc_1               0x08000203   Thumb Code     0  libinit2.o(.ARM.Collect$$libinit$$0000000C)
    __rt_lib_shutdown                        0x08000205   Thumb Code     0  libshutdown.o(.ARM.Collect$$libshutdown$$00000000)
    __rt_lib_shutdown_fp_trap_1              0x08000207   Thumb Code     0  libshutdown2.o(.ARM.Collect$$libshutdown$$00000006)
    __rt_lib_shutdown_heap_1                 0x08000207   Thumb Code     0  libshutdown2.o(.ARM.Collect$$libshutdown$$0000000E)
    __rt_lib_shutdown_return                 0x08000207   Thumb Code     0  libshutdown2.o(.ARM.Collect$$libshutdown$$0000000F)
    __rt_lib_shutdown_signal_1               0x08000207   Thumb Code     0  libshutdown2.o(.ARM.Collect$$libshutdown$$00000009)
    __rt_lib_shutdown_stdio_1                0x08000207   Thumb Code     0  libshutdown2.o(.ARM.Collect$$libshutdown$$00000003)
    __rt_lib_shutdown_user_alloc_1           0x08000207   Thumb Code     0  libshutdown2.o(.ARM.Collect$$libshutdown$$0000000B)
    __rt_entry                               0x08000209   Thumb Code     0  __rtentry.o(.ARM.Collect$$rtentry$$00000000)
    __rt_entry_presh_1                       0x08000209   Thumb Code     0  __rtentry2.o(.ARM.Collect$$rtentry$$00000002)
    __rt_entry_sh                            0x08000209   Thumb Code     0  __rtentry4.o(.ARM.Collect$$rtentry$$00000004)
    __rt_entry_li                            0x0800020f   Thumb Code     0  __rtentry2.o(.ARM.Collect$$rtentry$$0000000A)
    __rt_entry_postsh_1                      0x0800020f   Thumb Code     0  __rtentry2.o(.ARM.Collect$$rtentry$$00000009)
    __rt_entry_main                          0x08000213   Thumb Code     0  __rtentry2.o(.ARM.Collect$$rtentry$$0000000D)
    __rt_entry_postli_1                      0x08000213   Thumb Code     0  __rtentry2.o(.ARM.Collect$$rtentry$$0000000C)
    __rt_exit                                0x0800021b   Thumb Code     0  rtexit.o(.ARM.Collect$$rtexit$$00000000)
    __rt_exit_ls                             0x0800021d   Thumb Code     0  rtexit2.o(.ARM.Collect$$rtexit$$00000003)
    __rt_exit_prels_1                        0x0800021d   Thumb Code     0  rtexit2.o(.ARM.Collect$$rtexit$$00000002)
    __rt_exit_exit                           0x08000221   Thumb Code     0  rtexit2.o(.ARM.Collect$$rtexit$$00000004)
    Reset_Handler                            0x08000229   Thumb Code     8  startup_stm32f405xx.o(.text)
    ADC_IRQHandler                           0x08000243   Thumb Code     0  startup_stm32f405xx.o(.text)
    CAN1_RX0_IRQHandler                      0x08000243   Thumb Code     0  startup_stm32f405xx.o(.text)
    CAN1_RX1_IRQHandler                      0x08000243   Thumb Code     0  startup_stm32f405xx.o(.text)
    CAN1_SCE_IRQHandler                      0x08000243   Thumb Code     0  startup_stm32f405xx.o(.text)
    CAN1_TX_IRQHandler                       0x08000243   Thumb Code     0  startup_stm32f405xx.o(.text)
    CAN2_RX0_IRQHandler                      0x08000243   Thumb Code     0  startup_stm32f405xx.o(.text)
    CAN2_RX1_IRQHandler                      0x08000243   Thumb Code     0  startup_stm32f405xx.o(.text)
    CAN2_SCE_IRQHandler                      0x08000243   Thumb Code     0  startup_stm32f405xx.o(.text)
    CAN2_TX_IRQHandler                       0x08000243   Thumb Code     0  startup_stm32f405xx.o(.text)
    DMA1_Stream0_IRQHandler                  0x08000243   Thumb Code     0  startup_stm32f405xx.o(.text)
    DMA1_Stream1_IRQHandler                  0x08000243   Thumb Code     0  startup_stm32f405xx.o(.text)
    DMA1_Stream2_IRQHandler                  0x08000243   Thumb Code     0  startup_stm32f405xx.o(.text)
    DMA1_Stream3_IRQHandler                  0x08000243   Thumb Code     0  startup_stm32f405xx.o(.text)
    DMA1_Stream4_IRQHandler                  0x08000243   Thumb Code     0  startup_stm32f405xx.o(.text)
    DMA1_Stream5_IRQHandler                  0x08000243   Thumb Code     0  startup_stm32f405xx.o(.text)
    DMA1_Stream6_IRQHandler                  0x08000243   Thumb Code     0  startup_stm32f405xx.o(.text)
    DMA1_Stream7_IRQHandler                  0x08000243   Thumb Code     0  startup_stm32f405xx.o(.text)
    DMA2_Stream0_IRQHandler                  0x08000243   Thumb Code     0  startup_stm32f405xx.o(.text)
    DMA2_Stream1_IRQHandler                  0x08000243   Thumb Code     0  startup_stm32f405xx.o(.text)
    DMA2_Stream2_IRQHandler                  0x08000243   Thumb Code     0  startup_stm32f405xx.o(.text)
    DMA2_Stream3_IRQHandler                  0x08000243   Thumb Code     0  startup_stm32f405xx.o(.text)
    DMA2_Stream4_IRQHandler                  0x08000243   Thumb Code     0  startup_stm32f405xx.o(.text)
    DMA2_Stream5_IRQHandler                  0x08000243   Thumb Code     0  startup_stm32f405xx.o(.text)
    DMA2_Stream6_IRQHandler                  0x08000243   Thumb Code     0  startup_stm32f405xx.o(.text)
    DMA2_Stream7_IRQHandler                  0x08000243   Thumb Code     0  startup_stm32f405xx.o(.text)
    EXTI0_IRQHandler                         0x08000243   Thumb Code     0  startup_stm32f405xx.o(.text)
    EXTI15_10_IRQHandler                     0x08000243   Thumb Code     0  startup_stm32f405xx.o(.text)
    EXTI1_IRQHandler                         0x08000243   Thumb Code     0  startup_stm32f405xx.o(.text)
    EXTI2_IRQHandler                         0x08000243   Thumb Code     0  startup_stm32f405xx.o(.text)
    EXTI3_IRQHandler                         0x08000243   Thumb Code     0  startup_stm32f405xx.o(.text)
    EXTI4_IRQHandler                         0x08000243   Thumb Code     0  startup_stm32f405xx.o(.text)
    EXTI9_5_IRQHandler                       0x08000243   Thumb Code     0  startup_stm32f405xx.o(.text)
    FLASH_IRQHandler                         0x08000243   Thumb Code     0  startup_stm32f405xx.o(.text)
    FMC_IRQHandler                           0x08000243   Thumb Code     0  startup_stm32f405xx.o(.text)
    FPU_IRQHandler                           0x08000243   Thumb Code     0  startup_stm32f405xx.o(.text)
    HASH_RNG_IRQHandler                      0x08000243   Thumb Code     0  startup_stm32f405xx.o(.text)
    I2C1_ER_IRQHandler                       0x08000243   Thumb Code     0  startup_stm32f405xx.o(.text)
    I2C1_EV_IRQHandler                       0x08000243   Thumb Code     0  startup_stm32f405xx.o(.text)
    I2C2_ER_IRQHandler                       0x08000243   Thumb Code     0  startup_stm32f405xx.o(.text)
    I2C2_EV_IRQHandler                       0x08000243   Thumb Code     0  startup_stm32f405xx.o(.text)
    I2C3_ER_IRQHandler                       0x08000243   Thumb Code     0  startup_stm32f405xx.o(.text)
    I2C3_EV_IRQHandler                       0x08000243   Thumb Code     0  startup_stm32f405xx.o(.text)
    OTG_FS_IRQHandler                        0x08000243   Thumb Code     0  startup_stm32f405xx.o(.text)
    OTG_FS_WKUP_IRQHandler                   0x08000243   Thumb Code     0  startup_stm32f405xx.o(.text)
    OTG_HS_EP1_IN_IRQHandler                 0x08000243   Thumb Code     0  startup_stm32f405xx.o(.text)
    OTG_HS_EP1_OUT_IRQHandler                0x08000243   Thumb Code     0  startup_stm32f405xx.o(.text)
    OTG_HS_IRQHandler                        0x08000243   Thumb Code     0  startup_stm32f405xx.o(.text)
    OTG_HS_WKUP_IRQHandler                   0x08000243   Thumb Code     0  startup_stm32f405xx.o(.text)
    PVD_IRQHandler                           0x08000243   Thumb Code     0  startup_stm32f405xx.o(.text)
    RCC_IRQHandler                           0x08000243   Thumb Code     0  startup_stm32f405xx.o(.text)
    RTC_Alarm_IRQHandler                     0x08000243   Thumb Code     0  startup_stm32f405xx.o(.text)
    RTC_WKUP_IRQHandler                      0x08000243   Thumb Code     0  startup_stm32f405xx.o(.text)
    SDIO_IRQHandler                          0x08000243   Thumb Code     0  startup_stm32f405xx.o(.text)
    SPI2_IRQHandler                          0x08000243   Thumb Code     0  startup_stm32f405xx.o(.text)
    SPI3_IRQHandler                          0x08000243   Thumb Code     0  startup_stm32f405xx.o(.text)
    TAMP_STAMP_IRQHandler                    0x08000243   Thumb Code     0  startup_stm32f405xx.o(.text)
    TIM1_BRK_TIM9_IRQHandler                 0x08000243   Thumb Code     0  startup_stm32f405xx.o(.text)
    TIM1_CC_IRQHandler                       0x08000243   Thumb Code     0  startup_stm32f405xx.o(.text)
    TIM1_TRG_COM_TIM11_IRQHandler            0x08000243   Thumb Code     0  startup_stm32f405xx.o(.text)
    TIM1_UP_TIM10_IRQHandler                 0x08000243   Thumb Code     0  startup_stm32f405xx.o(.text)
    TIM3_IRQHandler                          0x08000243   Thumb Code     0  startup_stm32f405xx.o(.text)
    TIM4_IRQHandler                          0x08000243   Thumb Code     0  startup_stm32f405xx.o(.text)
    TIM5_IRQHandler                          0x08000243   Thumb Code     0  startup_stm32f405xx.o(.text)
    TIM6_DAC_IRQHandler                      0x08000243   Thumb Code     0  startup_stm32f405xx.o(.text)
    TIM7_IRQHandler                          0x08000243   Thumb Code     0  startup_stm32f405xx.o(.text)
    TIM8_BRK_TIM12_IRQHandler                0x08000243   Thumb Code     0  startup_stm32f405xx.o(.text)
    TIM8_CC_IRQHandler                       0x08000243   Thumb Code     0  startup_stm32f405xx.o(.text)
    TIM8_TRG_COM_TIM14_IRQHandler            0x08000243   Thumb Code     0  startup_stm32f405xx.o(.text)
    TIM8_UP_TIM13_IRQHandler                 0x08000243   Thumb Code     0  startup_stm32f405xx.o(.text)
    UART5_IRQHandler                         0x08000243   Thumb Code     0  startup_stm32f405xx.o(.text)
    USART1_IRQHandler                        0x08000243   Thumb Code     0  startup_stm32f405xx.o(.text)
    USART2_IRQHandler                        0x08000243   Thumb Code     0  startup_stm32f405xx.o(.text)
    USART3_IRQHandler                        0x08000243   Thumb Code     0  startup_stm32f405xx.o(.text)
    USART6_IRQHandler                        0x08000243   Thumb Code     0  startup_stm32f405xx.o(.text)
    WWDG_IRQHandler                          0x08000243   Thumb Code     0  startup_stm32f405xx.o(.text)
    __user_initial_stackheap                 0x08000245   Thumb Code     0  startup_stm32f405xx.o(.text)
    __aeabi_uldivmod                         0x08000269   Thumb Code     0  lludivv7m.o(.text)
    _ll_udiv                                 0x08000269   Thumb Code   238  lludivv7m.o(.text)
    __aeabi_memclr4                          0x08000357   Thumb Code     0  rt_memclr_w.o(.text)
    __aeabi_memclr8                          0x08000357   Thumb Code     0  rt_memclr_w.o(.text)
    __rt_memclr_w                            0x08000357   Thumb Code    78  rt_memclr_w.o(.text)
    _memset_w                                0x0800035b   Thumb Code     0  rt_memclr_w.o(.text)
    __use_two_region_memory                  0x080003a5   Thumb Code     2  heapauxi.o(.text)
    __rt_heap_escrow$2region                 0x080003a7   Thumb Code     2  heapauxi.o(.text)
    __rt_heap_expand$2region                 0x080003a9   Thumb Code     2  heapauxi.o(.text)
    __read_errno                             0x080003ab   Thumb Code    10  _rserrno.o(.text)
    __set_errno                              0x080003b5   Thumb Code    12  _rserrno.o(.text)
    __aeabi_errno_addr                       0x080003c1   Thumb Code     8  rt_errno_addr_intlibspace.o(.text)
    __errno$intlibspace                      0x080003c1   Thumb Code     0  rt_errno_addr_intlibspace.o(.text)
    __rt_errno_addr$intlibspace              0x080003c1   Thumb Code     0  rt_errno_addr_intlibspace.o(.text)
    __user_libspace                          0x080003c9   Thumb Code     8  libspace.o(.text)
    __user_perproc_libspace                  0x080003c9   Thumb Code     0  libspace.o(.text)
    __user_perthread_libspace                0x080003c9   Thumb Code     0  libspace.o(.text)
    __user_setup_stackheap                   0x080003d1   Thumb Code    74  sys_stackheap_outer.o(.text)
    exit                                     0x0800041b   Thumb Code    12  exit.o(.text)
    _sys_exit                                0x08000429   Thumb Code     8  sys_exit.o(.text)
    __I$use$semihosting                      0x08000435   Thumb Code     0  use_no_semi.o(.text)
    __use_no_semihosting_swi                 0x08000435   Thumb Code     2  use_no_semi.o(.text)
    BusFault_Handler                         0x08000437   Thumb Code     2  stm32f4xx_it.o(i.BusFault_Handler)
    __semihosting_library_function           0x08000437   Thumb Code     0  indicate_semi.o(.text)
    DebugMon_Handler                         0x08000439   Thumb Code     2  stm32f4xx_it.o(i.DebugMon_Handler)
    Error_Handler                            0x0800043b   Thumb Code     4  main.o(i.Error_Handler)
    Get_Fina_Temp                            0x08000441   Thumb Code   780  max31865.o(i.Get_Fina_Temp)
    HAL_DMA_Abort                            0x080008d5   Thumb Code   146  stm32f4xx_hal_dma.o(i.HAL_DMA_Abort)
    HAL_DMA_Abort_IT                         0x08000967   Thumb Code    36  stm32f4xx_hal_dma.o(i.HAL_DMA_Abort_IT)
    HAL_Delay                                0x0800098d   Thumb Code    32  stm32f4xx_hal.o(i.HAL_Delay)
    HAL_GPIO_Init                            0x080009b1   Thumb Code   450  stm32f4xx_hal_gpio.o(i.HAL_GPIO_Init)
    HAL_GPIO_TogglePin                       0x08000ba1   Thumb Code    16  stm32f4xx_hal_gpio.o(i.HAL_GPIO_TogglePin)
    HAL_GPIO_WritePin                        0x08000bb1   Thumb Code    10  stm32f4xx_hal_gpio.o(i.HAL_GPIO_WritePin)
    HAL_GetTick                              0x08000bbd   Thumb Code     6  stm32f4xx_hal.o(i.HAL_GetTick)
    HAL_IncTick                              0x08000bc9   Thumb Code    12  stm32f4xx_hal.o(i.HAL_IncTick)
    HAL_Init                                 0x08000bd9   Thumb Code    48  stm32f4xx_hal.o(i.HAL_Init)
    HAL_InitTick                             0x08000c0d   Thumb Code    54  stm32f4xx_hal.o(i.HAL_InitTick)
    HAL_MspInit                              0x08000c4d   Thumb Code    42  stm32f4xx_hal_msp.o(i.HAL_MspInit)
    HAL_NVIC_EnableIRQ                       0x08000c7d   Thumb Code    26  stm32f4xx_hal_cortex.o(i.HAL_NVIC_EnableIRQ)
    HAL_NVIC_SetPriority                     0x08000c99   Thumb Code    60  stm32f4xx_hal_cortex.o(i.HAL_NVIC_SetPriority)
    HAL_NVIC_SetPriorityGrouping             0x08000cd9   Thumb Code    26  stm32f4xx_hal_cortex.o(i.HAL_NVIC_SetPriorityGrouping)
    HAL_RCC_ClockConfig                      0x08000cfd   Thumb Code   288  stm32f4xx_hal_rcc.o(i.HAL_RCC_ClockConfig)
    HAL_RCC_GetPCLK1Freq                     0x08000e31   Thumb Code    20  stm32f4xx_hal_rcc.o(i.HAL_RCC_GetPCLK1Freq)
    HAL_RCC_GetPCLK2Freq                     0x08000e51   Thumb Code    20  stm32f4xx_hal_rcc.o(i.HAL_RCC_GetPCLK2Freq)
    HAL_RCC_GetSysClockFreq                  0x08000e71   Thumb Code    88  stm32f4xx_hal_rcc.o(i.HAL_RCC_GetSysClockFreq)
    HAL_RCC_OscConfig                        0x08000ed5   Thumb Code   856  stm32f4xx_hal_rcc.o(i.HAL_RCC_OscConfig)
    HAL_SPI_ErrorCallback                    0x08001241   Thumb Code     2  stm32f4xx_hal_spi.o(i.HAL_SPI_ErrorCallback)
    HAL_SPI_IRQHandler                       0x08001245   Thumb Code   246  stm32f4xx_hal_spi.o(i.HAL_SPI_IRQHandler)
    HAL_SPI_Init                             0x08001341   Thumb Code   188  stm32f4xx_hal_spi.o(i.HAL_SPI_Init)
    HAL_SPI_MspInit                          0x080013fd   Thumb Code   108  spi.o(i.HAL_SPI_MspInit)
    HAL_SPI_Receive                          0x08001475   Thumb Code   346  stm32f4xx_hal_spi.o(i.HAL_SPI_Receive)
    HAL_SPI_Transmit                         0x080015cf   Thumb Code   358  stm32f4xx_hal_spi.o(i.HAL_SPI_Transmit)
    HAL_SPI_TransmitReceive                  0x08001735   Thumb Code   482  stm32f4xx_hal_spi.o(i.HAL_SPI_TransmitReceive)
    HAL_SYSTICK_Config                       0x08001917   Thumb Code    40  stm32f4xx_hal_cortex.o(i.HAL_SYSTICK_Config)
    HAL_TIMEx_BreakCallback                  0x0800193f   Thumb Code     2  stm32f4xx_hal_tim_ex.o(i.HAL_TIMEx_BreakCallback)
    HAL_TIMEx_CommutCallback                 0x08001941   Thumb Code     2  stm32f4xx_hal_tim_ex.o(i.HAL_TIMEx_CommutCallback)
    HAL_TIMEx_MasterConfigSynchronization    0x08001945   Thumb Code   116  stm32f4xx_hal_tim_ex.o(i.HAL_TIMEx_MasterConfigSynchronization)
    HAL_TIM_Base_Init                        0x080019d5   Thumb Code    90  stm32f4xx_hal_tim.o(i.HAL_TIM_Base_Init)
    HAL_TIM_Base_MspInit                     0x08001a31   Thumb Code    50  tim.o(i.HAL_TIM_Base_MspInit)
    HAL_TIM_Base_Start_IT                    0x08001a69   Thumb Code   100  stm32f4xx_hal_tim.o(i.HAL_TIM_Base_Start_IT)
    HAL_TIM_ConfigClockSource                0x08001ae9   Thumb Code   220  stm32f4xx_hal_tim.o(i.HAL_TIM_ConfigClockSource)
    HAL_TIM_IC_CaptureCallback               0x08001bc5   Thumb Code     2  stm32f4xx_hal_tim.o(i.HAL_TIM_IC_CaptureCallback)
    HAL_TIM_IRQHandler                       0x08001bc7   Thumb Code   358  stm32f4xx_hal_tim.o(i.HAL_TIM_IRQHandler)
    HAL_TIM_OC_DelayElapsedCallback          0x08001d2d   Thumb Code     2  stm32f4xx_hal_tim.o(i.HAL_TIM_OC_DelayElapsedCallback)
    HAL_TIM_PWM_PulseFinishedCallback        0x08001d2f   Thumb Code     2  stm32f4xx_hal_tim.o(i.HAL_TIM_PWM_PulseFinishedCallback)
    HAL_TIM_PeriodElapsedCallback            0x08001d31   Thumb Code   132  main.o(i.HAL_TIM_PeriodElapsedCallback)
    HAL_TIM_TriggerCallback                  0x08001dc5   Thumb Code     2  stm32f4xx_hal_tim.o(i.HAL_TIM_TriggerCallback)
    HAL_UARTEx_RxEventCallback               0x08001dc7   Thumb Code     2  stm32f4xx_hal_uart.o(i.HAL_UARTEx_RxEventCallback)
    HAL_UART_ErrorCallback                   0x08001dc9   Thumb Code     2  stm32f4xx_hal_uart.o(i.HAL_UART_ErrorCallback)
    HAL_UART_IRQHandler                      0x08001dcd   Thumb Code   610  stm32f4xx_hal_uart.o(i.HAL_UART_IRQHandler)
    HAL_UART_Init                            0x08002035   Thumb Code    98  stm32f4xx_hal_uart.o(i.HAL_UART_Init)
    HAL_UART_MspInit                         0x08002099   Thumb Code   106  usart.o(i.HAL_UART_MspInit)
    HAL_UART_Receive_IT                      0x08002111   Thumb Code    42  stm32f4xx_hal_uart.o(i.HAL_UART_Receive_IT)
    HAL_UART_RxCpltCallback                  0x0800213d   Thumb Code   186  usart.o(i.HAL_UART_RxCpltCallback)
    HAL_UART_Transmit                        0x08002209   Thumb Code   178  stm32f4xx_hal_uart.o(i.HAL_UART_Transmit)
    HAL_UART_TxCpltCallback                  0x080022bb   Thumb Code     2  stm32f4xx_hal_uart.o(i.HAL_UART_TxCpltCallback)
    HardFault_Handler                        0x080022bd   Thumb Code     2  stm32f4xx_it.o(i.HardFault_Handler)
    MAX31865_GetTemp                         0x080022c1   Thumb Code   168  max31865.o(i.MAX31865_GetTemp)
    MAX31865_Init                            0x080023a9   Thumb Code    20  max31865.o(i.MAX31865_Init)
    MAX31865_Read                            0x080023bd   Thumb Code    56  max31865.o(i.MAX31865_Read)
    MAX31865_Write                           0x080023fd   Thumb Code    46  max31865.o(i.MAX31865_Write)
    MX_GPIO_Init                             0x08002435   Thumb Code   270  gpio.o(i.MX_GPIO_Init)
    MX_SPI1_Init                             0x08002555   Thumb Code    64  spi.o(i.MX_SPI1_Init)
    MX_TIM2_Init                             0x0800259d   Thumb Code    98  tim.o(i.MX_TIM2_Init)
    MX_UART4_Init                            0x08002605   Thumb Code    48  usart.o(i.MX_UART4_Init)
    MemManage_Handler                        0x0800263d   Thumb Code     2  stm32f4xx_it.o(i.MemManage_Handler)
    NMI_Handler                              0x0800263f   Thumb Code     2  stm32f4xx_it.o(i.NMI_Handler)
    PendSV_Handler                           0x08002641   Thumb Code     2  stm32f4xx_it.o(i.PendSV_Handler)
    SPI1_IRQHandler                          0x08002645   Thumb Code     6  stm32f4xx_it.o(i.SPI1_IRQHandler)
    SVC_Handler                              0x080027cd   Thumb Code     2  stm32f4xx_it.o(i.SVC_Handler)
    SysTick_Handler                          0x080027cf   Thumb Code     4  stm32f4xx_it.o(i.SysTick_Handler)
    SystemClock_Config                       0x080027d5   Thumb Code   140  main.o(i.SystemClock_Config)
    SystemInit                               0x08002869   Thumb Code    12  system_stm32f4xx.o(i.SystemInit)
    TIM2_IRQHandler                          0x08002879   Thumb Code     6  stm32f4xx_it.o(i.TIM2_IRQHandler)
    TIM_Base_SetConfig                       0x08002885   Thumb Code   156  stm32f4xx_hal_tim.o(i.TIM_Base_SetConfig)
    TIM_ETR_SetConfig                        0x0800294d   Thumb Code    20  stm32f4xx_hal_tim.o(i.TIM_ETR_SetConfig)
    UART4_IRQHandler                         0x080029b9   Thumb Code     6  stm32f4xx_it.o(i.UART4_IRQHandler)
    UART_Start_Receive_IT                    0x08002bf1   Thumb Code    54  stm32f4xx_hal_uart.o(i.UART_Start_Receive_IT)
    US_Read_4Byte                            0x08002ca1   Thumb Code    74  uart_screen.o(i.US_Read_4Byte)
    US_Write_4Byte                           0x08002cf5   Thumb Code    88  uart_screen.o(i.US_Write_4Byte)
    US_Write_RTC_7                           0x08002d51   Thumb Code   220  uart_screen.o(i.US_Write_RTC_7)
    UsageFault_Handler                       0x08002e31   Thumb Code     2  stm32f4xx_it.o(i.UsageFault_Handler)
    __hardfp_fabs                            0x08002e53   Thumb Code    20  fabs.o(i.__hardfp_fabs)
    __hardfp_sqrt                            0x08002e67   Thumb Code   122  sqrt.o(i.__hardfp_sqrt)
    copy_history                             0x08002ee1   Thumb Code    46  main.o(i.copy_history)
    main                                     0x08002f15   Thumb Code  1092  main.o(i.main)
    __aeabi_dadd                             0x08003359   Thumb Code     0  daddsub_clz.o(x$fpl$dadd)
    _dadd                                    0x08003359   Thumb Code   332  daddsub_clz.o(x$fpl$dadd)
    __fpl_dcmp_Inf                           0x080034a9   Thumb Code    24  dcmpi.o(x$fpl$dcmpinf)
    __aeabi_ddiv                             0x080034c1   Thumb Code     0  ddiv.o(x$fpl$ddiv)
    _ddiv                                    0x080034c1   Thumb Code   552  ddiv.o(x$fpl$ddiv)
    __aeabi_d2iz                             0x08003771   Thumb Code     0  dfix.o(x$fpl$dfix)
    _dfix                                    0x08003771   Thumb Code    94  dfix.o(x$fpl$dfix)
    __aeabi_i2d                              0x080037cf   Thumb Code     0  dflt_clz.o(x$fpl$dflt)
    _dflt                                    0x080037cf   Thumb Code    46  dflt_clz.o(x$fpl$dflt)
    __aeabi_ui2d                             0x080037fd   Thumb Code     0  dflt_clz.o(x$fpl$dfltu)
    _dfltu                                   0x080037fd   Thumb Code    38  dflt_clz.o(x$fpl$dfltu)
    __aeabi_cdcmple                          0x08003825   Thumb Code     0  dleqf.o(x$fpl$dleqf)
    _dcmple                                  0x08003825   Thumb Code   120  dleqf.o(x$fpl$dleqf)
    __fpl_dcmple_InfNaN                      0x08003887   Thumb Code     0  dleqf.o(x$fpl$dleqf)
    __aeabi_dmul                             0x0800389d   Thumb Code     0  dmul.o(x$fpl$dmul)
    _dmul                                    0x0800389d   Thumb Code   332  dmul.o(x$fpl$dmul)
    __fpl_dnaninf                            0x080039f1   Thumb Code   156  dnaninf.o(x$fpl$dnaninf)
    __fpl_dretinf                            0x08003a8d   Thumb Code    12  dretinf.o(x$fpl$dretinf)
    __aeabi_cdrcmple                         0x08003a99   Thumb Code     0  drleqf.o(x$fpl$drleqf)
    _drcmple                                 0x08003a99   Thumb Code   108  drleqf.o(x$fpl$drleqf)
    __aeabi_drsub                            0x08003b05   Thumb Code     0  daddsub_clz.o(x$fpl$drsb)
    _drsb                                    0x08003b05   Thumb Code    22  daddsub_clz.o(x$fpl$drsb)
    _dsqrt                                   0x08003b1d   Thumb Code   404  dsqrt_umaal.o(x$fpl$dsqrt)
    __aeabi_dsub                             0x08003cb5   Thumb Code     0  daddsub_clz.o(x$fpl$dsub)
    _dsub                                    0x08003cb5   Thumb Code   464  daddsub_clz.o(x$fpl$dsub)
    _fp_init                                 0x08003e89   Thumb Code    10  fpinit.o(x$fpl$fpinit)
    __fplib_config_fpu_vfp                   0x08003e91   Thumb Code     0  fpinit.o(x$fpl$fpinit)
    __fplib_config_pureend_doubles           0x08003e91   Thumb Code     0  fpinit.o(x$fpl$fpinit)
    AHBPrescTable                            0x08003e92   Data          16  system_stm32f4xx.o(.constdata)
    __I$use$fp                               0x08003e92   Number         0  usenofp.o(x$fpl$usenofp)
    APBPrescTable                            0x08003ea2   Data           8  system_stm32f4xx.o(.constdata)
    Region$$Table$$Base                      0x08003eac   Number         0  anon$$obj.o(Region$$Table)
    Region$$Table$$Limit                     0x08003ecc   Number         0  anon$$obj.o(Region$$Table)
    Alarm_Temp                               0x20000000   Data           4  uart_screen.o(.data)
    RxData                                   0x20000008   Data           1  main.o(.data)
    My_Sec                                   0x2000000c   Data           4  main.o(.data)
    My_Min                                   0x20000010   Data           4  main.o(.data)
    My_Hour                                  0x20000014   Data           4  main.o(.data)
    Send_Temp                                0x20000018   Data           4  main.o(.data)
    Last_Alarm_Temp                          0x2000001c   Data           4  main.o(.data)
    Now_Alarm_Temp                           0x20000020   Data           4  main.o(.data)
    Flag_Alarm                               0x20000024   Data           4  main.o(.data)
    T_Count                                  0x20000028   Data           4  main.o(.data)
    flag_Beep                                0x2000002c   Data           4  main.o(.data)
    Tcount_Beep                              0x20000030   Data           4  main.o(.data)
    History_Num                              0x20000034   Data           4  main.o(.data)
    Flag_History                             0x20000038   Data           4  main.o(.data)
    Temperature                              0x20000040   Data           8  main.o(.data)
    Last_Temp                                0x20000048   Data           8  main.o(.data)
    Rx_Tmp                                   0x20000050   Data           1  usart.o(.data)
    addr                                     0x20000052   Data           2  usart.o(.data)
    Fina_Data                                0x20000054   Data           4  usart.o(.data)
    num                                      0x20000058   Data           4  usart.o(.data)
    uwTickFreq                               0x2000005c   Data           1  stm32f4xx_hal.o(.data)
    uwTickPrio                               0x20000060   Data           4  stm32f4xx_hal.o(.data)
    uwTick                                   0x20000064   Data           4  stm32f4xx_hal.o(.data)
    SystemCoreClock                          0x20000068   Data           4  system_stm32f4xx.o(.data)
    History_Data                             0x2000006c   Data         200  main.o(.bss)
    hspi1                                    0x20000134   Data          88  spi.o(.bss)
    htim2                                    0x2000018c   Data          72  tim.o(.bss)
    huart4                                   0x200001d4   Data          68  usart.o(.bss)
    RxDat                                    0x20000218   Data          20  usart.o(.bss)
    __libspace_start                         0x2000022c   Data          96  libspace.o(.bss)
    __temporary_stack_top$libspace           0x2000028c   Data           0  libspace.o(.bss)



==============================================================================

Memory Map of the image

  Image Entry point : 0x08000189

  Load Region LR_IROM1 (Base: 0x08000000, Size: 0x00003f38, Max: 0x00100000, ABSOLUTE)

    Execution Region ER_IROM1 (Base: 0x08000000, Size: 0x00003ecc, Max: 0x00100000, ABSOLUTE)

    Base Addr    Size         Type   Attr      Idx    E Section Name        Object

    0x08000000   0x00000188   Data   RO            3    RESET               startup_stm32f405xx.o
    0x08000188   0x00000008   Code   RO         3386  * !!!main             c_w.l(__main.o)
    0x08000190   0x00000034   Code   RO         3612    !!!scatter          c_w.l(__scatter.o)
    0x080001c4   0x0000001a   Code   RO         3614    !!handler_copy      c_w.l(__scatter_copy.o)
    0x080001de   0x00000002   PAD
    0x080001e0   0x0000001c   Code   RO         3616    !!handler_zi        c_w.l(__scatter_zi.o)
    0x080001fc   0x00000002   Code   RO         3486    .ARM.Collect$$libinit$$00000000  c_w.l(libinit.o)
    0x080001fe   0x00000004   Code   RO         3495    .ARM.Collect$$libinit$$00000001  c_w.l(libinit2.o)
    0x08000202   0x00000000   Code   RO         3498    .ARM.Collect$$libinit$$00000004  c_w.l(libinit2.o)
    0x08000202   0x00000000   Code   RO         3501    .ARM.Collect$$libinit$$0000000A  c_w.l(libinit2.o)
    0x08000202   0x00000000   Code   RO         3503    .ARM.Collect$$libinit$$0000000C  c_w.l(libinit2.o)
    0x08000202   0x00000000   Code   RO         3505    .ARM.Collect$$libinit$$0000000E  c_w.l(libinit2.o)
    0x08000202   0x00000000   Code   RO         3508    .ARM.Collect$$libinit$$00000011  c_w.l(libinit2.o)
    0x08000202   0x00000000   Code   RO         3510    .ARM.Collect$$libinit$$00000013  c_w.l(libinit2.o)
    0x08000202   0x00000000   Code   RO         3512    .ARM.Collect$$libinit$$00000015  c_w.l(libinit2.o)
    0x08000202   0x00000000   Code   RO         3514    .ARM.Collect$$libinit$$00000017  c_w.l(libinit2.o)
    0x08000202   0x00000000   Code   RO         3516    .ARM.Collect$$libinit$$00000019  c_w.l(libinit2.o)
    0x08000202   0x00000000   Code   RO         3518    .ARM.Collect$$libinit$$0000001B  c_w.l(libinit2.o)
    0x08000202   0x00000000   Code   RO         3520    .ARM.Collect$$libinit$$0000001D  c_w.l(libinit2.o)
    0x08000202   0x00000000   Code   RO         3522    .ARM.Collect$$libinit$$0000001F  c_w.l(libinit2.o)
    0x08000202   0x00000000   Code   RO         3524    .ARM.Collect$$libinit$$00000021  c_w.l(libinit2.o)
    0x08000202   0x00000000   Code   RO         3526    .ARM.Collect$$libinit$$00000023  c_w.l(libinit2.o)
    0x08000202   0x00000000   Code   RO         3528    .ARM.Collect$$libinit$$00000025  c_w.l(libinit2.o)
    0x08000202   0x00000000   Code   RO         3532    .ARM.Collect$$libinit$$0000002C  c_w.l(libinit2.o)
    0x08000202   0x00000000   Code   RO         3534    .ARM.Collect$$libinit$$0000002E  c_w.l(libinit2.o)
    0x08000202   0x00000000   Code   RO         3536    .ARM.Collect$$libinit$$00000030  c_w.l(libinit2.o)
    0x08000202   0x00000000   Code   RO         3538    .ARM.Collect$$libinit$$00000032  c_w.l(libinit2.o)
    0x08000202   0x00000002   Code   RO         3539    .ARM.Collect$$libinit$$00000033  c_w.l(libinit2.o)
    0x08000204   0x00000002   Code   RO         3570    .ARM.Collect$$libshutdown$$00000000  c_w.l(libshutdown.o)
    0x08000206   0x00000000   Code   RO         3597    .ARM.Collect$$libshutdown$$00000003  c_w.l(libshutdown2.o)
    0x08000206   0x00000000   Code   RO         3600    .ARM.Collect$$libshutdown$$00000006  c_w.l(libshutdown2.o)
    0x08000206   0x00000000   Code   RO         3603    .ARM.Collect$$libshutdown$$00000009  c_w.l(libshutdown2.o)
    0x08000206   0x00000000   Code   RO         3605    .ARM.Collect$$libshutdown$$0000000B  c_w.l(libshutdown2.o)
    0x08000206   0x00000000   Code   RO         3608    .ARM.Collect$$libshutdown$$0000000E  c_w.l(libshutdown2.o)
    0x08000206   0x00000002   Code   RO         3609    .ARM.Collect$$libshutdown$$0000000F  c_w.l(libshutdown2.o)
    0x08000208   0x00000000   Code   RO         3432    .ARM.Collect$$rtentry$$00000000  c_w.l(__rtentry.o)
    0x08000208   0x00000000   Code   RO         3449    .ARM.Collect$$rtentry$$00000002  c_w.l(__rtentry2.o)
    0x08000208   0x00000006   Code   RO         3461    .ARM.Collect$$rtentry$$00000004  c_w.l(__rtentry4.o)
    0x0800020e   0x00000000   Code   RO         3451    .ARM.Collect$$rtentry$$00000009  c_w.l(__rtentry2.o)
    0x0800020e   0x00000004   Code   RO         3452    .ARM.Collect$$rtentry$$0000000A  c_w.l(__rtentry2.o)
    0x08000212   0x00000000   Code   RO         3454    .ARM.Collect$$rtentry$$0000000C  c_w.l(__rtentry2.o)
    0x08000212   0x00000008   Code   RO         3455    .ARM.Collect$$rtentry$$0000000D  c_w.l(__rtentry2.o)
    0x0800021a   0x00000002   Code   RO         3487    .ARM.Collect$$rtexit$$00000000  c_w.l(rtexit.o)
    0x0800021c   0x00000000   Code   RO         3543    .ARM.Collect$$rtexit$$00000002  c_w.l(rtexit2.o)
    0x0800021c   0x00000004   Code   RO         3544    .ARM.Collect$$rtexit$$00000003  c_w.l(rtexit2.o)
    0x08000220   0x00000006   Code   RO         3545    .ARM.Collect$$rtexit$$00000004  c_w.l(rtexit2.o)
    0x08000226   0x00000002   PAD
    0x08000228   0x00000040   Code   RO            4    .text               startup_stm32f405xx.o
    0x08000268   0x000000ee   Code   RO         3380    .text               c_w.l(lludivv7m.o)
    0x08000356   0x0000004e   Code   RO         3382    .text               c_w.l(rt_memclr_w.o)
    0x080003a4   0x00000006   Code   RO         3384    .text               c_w.l(heapauxi.o)
    0x080003aa   0x00000016   Code   RO         3437    .text               c_w.l(_rserrno.o)
    0x080003c0   0x00000008   Code   RO         3468    .text               c_w.l(rt_errno_addr_intlibspace.o)
    0x080003c8   0x00000008   Code   RO         3470    .text               c_w.l(libspace.o)
    0x080003d0   0x0000004a   Code   RO         3473    .text               c_w.l(sys_stackheap_outer.o)
    0x0800041a   0x0000000c   Code   RO         3475    .text               c_w.l(exit.o)
    0x08000426   0x00000002   PAD
    0x08000428   0x0000000c   Code   RO         3540    .text               c_w.l(sys_exit.o)
    0x08000434   0x00000002   Code   RO         3559    .text               c_w.l(use_no_semi.o)
    0x08000436   0x00000000   Code   RO         3561    .text               c_w.l(indicate_semi.o)
    0x08000436   0x00000002   Code   RO          441    i.BusFault_Handler  stm32f4xx_it.o
    0x08000438   0x00000002   Code   RO          442    i.DebugMon_Handler  stm32f4xx_it.o
    0x0800043a   0x00000004   Code   RO          227    i.Error_Handler     main.o
    0x0800043e   0x00000002   PAD
    0x08000440   0x00000494   Code   RO           13    i.Get_Fina_Temp     max31865.o
    0x080008d4   0x00000092   Code   RO         1343    i.HAL_DMA_Abort     stm32f4xx_hal_dma.o
    0x08000966   0x00000024   Code   RO         1344    i.HAL_DMA_Abort_IT  stm32f4xx_hal_dma.o
    0x0800098a   0x00000002   PAD
    0x0800098c   0x00000024   Code   RO         1762    i.HAL_Delay         stm32f4xx_hal.o
    0x080009b0   0x000001f0   Code   RO         1236    i.HAL_GPIO_Init     stm32f4xx_hal_gpio.o
    0x08000ba0   0x00000010   Code   RO         1239    i.HAL_GPIO_TogglePin  stm32f4xx_hal_gpio.o
    0x08000bb0   0x0000000a   Code   RO         1240    i.HAL_GPIO_WritePin  stm32f4xx_hal_gpio.o
    0x08000bba   0x00000002   PAD
    0x08000bbc   0x0000000c   Code   RO         1768    i.HAL_GetTick       stm32f4xx_hal.o
    0x08000bc8   0x00000010   Code   RO         1774    i.HAL_IncTick       stm32f4xx_hal.o
    0x08000bd8   0x00000034   Code   RO         1775    i.HAL_Init          stm32f4xx_hal.o
    0x08000c0c   0x00000040   Code   RO         1776    i.HAL_InitTick      stm32f4xx_hal.o
    0x08000c4c   0x00000030   Code   RO          535    i.HAL_MspInit       stm32f4xx_hal_msp.o
    0x08000c7c   0x0000001a   Code   RO         1625    i.HAL_NVIC_EnableIRQ  stm32f4xx_hal_cortex.o
    0x08000c96   0x00000002   PAD
    0x08000c98   0x00000040   Code   RO         1631    i.HAL_NVIC_SetPriority  stm32f4xx_hal_cortex.o
    0x08000cd8   0x00000024   Code   RO         1632    i.HAL_NVIC_SetPriorityGrouping  stm32f4xx_hal_cortex.o
    0x08000cfc   0x00000134   Code   RO          882    i.HAL_RCC_ClockConfig  stm32f4xx_hal_rcc.o
    0x08000e30   0x00000020   Code   RO          889    i.HAL_RCC_GetPCLK1Freq  stm32f4xx_hal_rcc.o
    0x08000e50   0x00000020   Code   RO          890    i.HAL_RCC_GetPCLK2Freq  stm32f4xx_hal_rcc.o
    0x08000e70   0x00000064   Code   RO          891    i.HAL_RCC_GetSysClockFreq  stm32f4xx_hal_rcc.o
    0x08000ed4   0x0000036c   Code   RO          894    i.HAL_RCC_OscConfig  stm32f4xx_hal_rcc.o
    0x08001240   0x00000002   Code   RO          566    i.HAL_SPI_ErrorCallback  stm32f4xx_hal_spi.o
    0x08001242   0x00000002   PAD
    0x08001244   0x000000fc   Code   RO          569    i.HAL_SPI_IRQHandler  stm32f4xx_hal_spi.o
    0x08001340   0x000000bc   Code   RO          570    i.HAL_SPI_Init      stm32f4xx_hal_spi.o
    0x080013fc   0x00000078   Code   RO          308    i.HAL_SPI_MspInit   spi.o
    0x08001474   0x0000015a   Code   RO          573    i.HAL_SPI_Receive   stm32f4xx_hal_spi.o
    0x080015ce   0x00000166   Code   RO          578    i.HAL_SPI_Transmit  stm32f4xx_hal_spi.o
    0x08001734   0x000001e2   Code   RO          579    i.HAL_SPI_TransmitReceive  stm32f4xx_hal_spi.o
    0x08001916   0x00000028   Code   RO         1636    i.HAL_SYSTICK_Config  stm32f4xx_hal_cortex.o
    0x0800193e   0x00000002   Code   RO         2719    i.HAL_TIMEx_BreakCallback  stm32f4xx_hal_tim_ex.o
    0x08001940   0x00000002   Code   RO         2720    i.HAL_TIMEx_CommutCallback  stm32f4xx_hal_tim_ex.o
    0x08001942   0x00000002   PAD
    0x08001944   0x00000090   Code   RO         2738    i.HAL_TIMEx_MasterConfigSynchronization  stm32f4xx_hal_tim_ex.o
    0x080019d4   0x0000005a   Code   RO         2015    i.HAL_TIM_Base_Init  stm32f4xx_hal_tim.o
    0x08001a2e   0x00000002   PAD
    0x08001a30   0x00000038   Code   RO          350    i.HAL_TIM_Base_MspInit  tim.o
    0x08001a68   0x00000080   Code   RO         2020    i.HAL_TIM_Base_Start_IT  stm32f4xx_hal_tim.o
    0x08001ae8   0x000000dc   Code   RO         2024    i.HAL_TIM_ConfigClockSource  stm32f4xx_hal_tim.o
    0x08001bc4   0x00000002   Code   RO         2049    i.HAL_TIM_IC_CaptureCallback  stm32f4xx_hal_tim.o
    0x08001bc6   0x00000166   Code   RO         2063    i.HAL_TIM_IRQHandler  stm32f4xx_hal_tim.o
    0x08001d2c   0x00000002   Code   RO         2066    i.HAL_TIM_OC_DelayElapsedCallback  stm32f4xx_hal_tim.o
    0x08001d2e   0x00000002   Code   RO         2093    i.HAL_TIM_PWM_PulseFinishedCallback  stm32f4xx_hal_tim.o
    0x08001d30   0x00000094   Code   RO          228    i.HAL_TIM_PeriodElapsedCallback  main.o
    0x08001dc4   0x00000002   Code   RO         2106    i.HAL_TIM_TriggerCallback  stm32f4xx_hal_tim.o
    0x08001dc6   0x00000002   Code   RO         2997    i.HAL_UARTEx_RxEventCallback  stm32f4xx_hal_uart.o
    0x08001dc8   0x00000002   Code   RO         3011    i.HAL_UART_ErrorCallback  stm32f4xx_hal_uart.o
    0x08001dca   0x00000002   PAD
    0x08001dcc   0x00000268   Code   RO         3014    i.HAL_UART_IRQHandler  stm32f4xx_hal_uart.o
    0x08002034   0x00000062   Code   RO         3015    i.HAL_UART_Init     stm32f4xx_hal_uart.o
    0x08002096   0x00000002   PAD
    0x08002098   0x00000078   Code   RO          392    i.HAL_UART_MspInit  usart.o
    0x08002110   0x0000002a   Code   RO         3020    i.HAL_UART_Receive_IT  stm32f4xx_hal_uart.o
    0x0800213a   0x00000002   PAD
    0x0800213c   0x000000cc   Code   RO          393    i.HAL_UART_RxCpltCallback  usart.o
    0x08002208   0x000000b2   Code   RO         3023    i.HAL_UART_Transmit  stm32f4xx_hal_uart.o
    0x080022ba   0x00000002   Code   RO         3026    i.HAL_UART_TxCpltCallback  stm32f4xx_hal_uart.o
    0x080022bc   0x00000002   Code   RO          443    i.HardFault_Handler  stm32f4xx_it.o
    0x080022be   0x00000002   PAD
    0x080022c0   0x000000e8   Code   RO           14    i.MAX31865_GetTemp  max31865.o
    0x080023a8   0x00000014   Code   RO           15    i.MAX31865_Init     max31865.o
    0x080023bc   0x00000040   Code   RO           16    i.MAX31865_Read     max31865.o
    0x080023fc   0x00000038   Code   RO           17    i.MAX31865_Write    max31865.o
    0x08002434   0x00000120   Code   RO          283    i.MX_GPIO_Init      gpio.o
    0x08002554   0x00000048   Code   RO          309    i.MX_SPI1_Init      spi.o
    0x0800259c   0x00000068   Code   RO          351    i.MX_TIM2_Init      tim.o
    0x08002604   0x00000038   Code   RO          394    i.MX_UART4_Init     usart.o
    0x0800263c   0x00000002   Code   RO          444    i.MemManage_Handler  stm32f4xx_it.o
    0x0800263e   0x00000002   Code   RO          445    i.NMI_Handler       stm32f4xx_it.o
    0x08002640   0x00000002   Code   RO          446    i.PendSV_Handler    stm32f4xx_it.o
    0x08002642   0x00000002   PAD
    0x08002644   0x0000000c   Code   RO          447    i.SPI1_IRQHandler   stm32f4xx_it.o
    0x08002650   0x00000010   Code   RO          597    i.SPI_DMAAbortOnError  stm32f4xx_hal_spi.o
    0x08002660   0x0000005c   Code   RO          607    i.SPI_EndRxTransaction  stm32f4xx_hal_spi.o
    0x080026bc   0x00000058   Code   RO          608    i.SPI_EndRxTxTransaction  stm32f4xx_hal_spi.o
    0x08002714   0x000000b8   Code   RO          613    i.SPI_WaitFlagStateUntilTimeout  stm32f4xx_hal_spi.o
    0x080027cc   0x00000002   Code   RO          448    i.SVC_Handler       stm32f4xx_it.o
    0x080027ce   0x00000004   Code   RO          449    i.SysTick_Handler   stm32f4xx_it.o
    0x080027d2   0x00000002   PAD
    0x080027d4   0x00000094   Code   RO          229    i.SystemClock_Config  main.o
    0x08002868   0x00000010   Code   RO         3344    i.SystemInit        system_stm32f4xx.o
    0x08002878   0x0000000c   Code   RO          450    i.TIM2_IRQHandler   stm32f4xx_it.o
    0x08002884   0x000000c8   Code   RO         2108    i.TIM_Base_SetConfig  stm32f4xx_hal_tim.o
    0x0800294c   0x00000014   Code   RO         2119    i.TIM_ETR_SetConfig  stm32f4xx_hal_tim.o
    0x08002960   0x00000010   Code   RO         2120    i.TIM_ITRx_SetConfig  stm32f4xx_hal_tim.o
    0x08002970   0x00000022   Code   RO         2126    i.TIM_TI1_ConfigInputStage  stm32f4xx_hal_tim.o
    0x08002992   0x00000024   Code   RO         2128    i.TIM_TI2_ConfigInputStage  stm32f4xx_hal_tim.o
    0x080029b6   0x00000002   PAD
    0x080029b8   0x0000000c   Code   RO          451    i.UART4_IRQHandler  stm32f4xx_it.o
    0x080029c4   0x00000010   Code   RO         3028    i.UART_DMAAbortOnError  stm32f4xx_hal_uart.o
    0x080029d4   0x0000004e   Code   RO         3038    i.UART_EndRxTransfer  stm32f4xx_hal_uart.o
    0x08002a22   0x000000c0   Code   RO         3040    i.UART_Receive_IT   stm32f4xx_hal_uart.o
    0x08002ae2   0x00000002   PAD
    0x08002ae4   0x0000010c   Code   RO         3041    i.UART_SetConfig    stm32f4xx_hal_uart.o
    0x08002bf0   0x00000036   Code   RO         3043    i.UART_Start_Receive_IT  stm32f4xx_hal_uart.o
    0x08002c26   0x00000078   Code   RO         3044    i.UART_WaitOnFlagUntilTimeout  stm32f4xx_hal_uart.o
    0x08002c9e   0x00000002   PAD
    0x08002ca0   0x00000054   Code   RO          179    i.US_Read_4Byte     uart_screen.o
    0x08002cf4   0x0000005c   Code   RO          181    i.US_Write_4Byte    uart_screen.o
    0x08002d50   0x000000e0   Code   RO          182    i.US_Write_RTC_7    uart_screen.o
    0x08002e30   0x00000002   Code   RO          452    i.UsageFault_Handler  stm32f4xx_it.o
    0x08002e32   0x00000020   Code   RO         1638    i.__NVIC_SetPriority  stm32f4xx_hal_cortex.o
    0x08002e52   0x00000014   Code   RO         3414    i.__hardfp_fabs     m_wm.l(fabs.o)
    0x08002e66   0x0000007a   Code   RO         3420    i.__hardfp_sqrt     m_wm.l(sqrt.o)
    0x08002ee0   0x00000034   Code   RO          230    i.copy_history      main.o
    0x08002f14   0x00000444   Code   RO          231    i.main              main.o
    0x08003358   0x00000150   Code   RO         3388    x$fpl$dadd          fz_wm.l(daddsub_clz.o)
    0x080034a8   0x00000018   Code   RO         3439    x$fpl$dcmpinf       fz_wm.l(dcmpi.o)
    0x080034c0   0x000002b0   Code   RO         3395    x$fpl$ddiv          fz_wm.l(ddiv.o)
    0x08003770   0x0000005e   Code   RO         3398    x$fpl$dfix          fz_wm.l(dfix.o)
    0x080037ce   0x0000002e   Code   RO         3403    x$fpl$dflt          fz_wm.l(dflt_clz.o)
    0x080037fc   0x00000026   Code   RO         3402    x$fpl$dfltu         fz_wm.l(dflt_clz.o)
    0x08003822   0x00000002   PAD
    0x08003824   0x00000078   Code   RO         3408    x$fpl$dleqf         fz_wm.l(dleqf.o)
    0x0800389c   0x00000154   Code   RO         3410    x$fpl$dmul          fz_wm.l(dmul.o)
    0x080039f0   0x0000009c   Code   RO         3441    x$fpl$dnaninf       fz_wm.l(dnaninf.o)
    0x08003a8c   0x0000000c   Code   RO         3443    x$fpl$dretinf       fz_wm.l(dretinf.o)
    0x08003a98   0x0000006c   Code   RO         3412    x$fpl$drleqf        fz_wm.l(drleqf.o)
    0x08003b04   0x00000016   Code   RO         3389    x$fpl$drsb          fz_wm.l(daddsub_clz.o)
    0x08003b1a   0x00000002   PAD
    0x08003b1c   0x00000198   Code   RO         3445    x$fpl$dsqrt         fz_wm.l(dsqrt_umaal.o)
    0x08003cb4   0x000001d4   Code   RO         3390    x$fpl$dsub          fz_wm.l(daddsub_clz.o)
    0x08003e88   0x0000000a   Code   RO         3555    x$fpl$fpinit        fz_wm.l(fpinit.o)
    0x08003e92   0x00000000   Code   RO         3447    x$fpl$usenofp       fz_wm.l(usenofp.o)
    0x08003e92   0x00000010   Data   RO         3345    .constdata          system_stm32f4xx.o
    0x08003ea2   0x00000008   Data   RO         3346    .constdata          system_stm32f4xx.o
    0x08003eaa   0x00000002   PAD
    0x08003eac   0x00000020   Data   RO         3610    Region$$Table       anon$$obj.o


    Execution Region RW_IRAM2 (Base: 0x10000000, Size: 0x00000000, Max: 0x00010000, ABSOLUTE)

    **** No section assigned to this execution region ****


    Execution Region RW_IRAM1 (Base: 0x20000000, Size: 0x00000890, Max: 0x00020000, ABSOLUTE)

    Base Addr    Size         Type   Attr      Idx    E Section Name        Object

    0x20000000   0x00000004   Data   RW          183    .data               uart_screen.o
    0x20000004   0x00000004   PAD
    0x20000008   0x00000048   Data   RW          233    .data               main.o
    0x20000050   0x0000000c   Data   RW          396    .data               usart.o
    0x2000005c   0x0000000c   Data   RW         1782    .data               stm32f4xx_hal.o
    0x20000068   0x00000004   Data   RW         3347    .data               system_stm32f4xx.o
    0x2000006c   0x000000c8   Zero   RW          232    .bss                main.o
    0x20000134   0x00000058   Zero   RW          310    .bss                spi.o
    0x2000018c   0x00000048   Zero   RW          352    .bss                tim.o
    0x200001d4   0x00000058   Zero   RW          395    .bss                usart.o
    0x2000022c   0x00000060   Zero   RW         3471    .bss                c_w.l(libspace.o)
    0x2000028c   0x00000004   PAD
    0x20000290   0x00000200   Zero   RW            2    HEAP                startup_stm32f405xx.o
    0x20000490   0x00000400   Zero   RW            1    STACK               startup_stm32f405xx.o


==============================================================================

Image component sizes


      Code (inc. data)   RO Data    RW Data    ZI Data      Debug   Object Name

       288         18          0          0          0       1059   gpio.o
      1444         76          0         72        200       4832   main.o
      1544        474          0          0          0     651904   max31865.o
       192         20          0          0         88       1697   spi.o
        64         26        392          0       1536        852   startup_stm32f405xx.o
       180         28          0         12          0       9413   stm32f4xx_hal.o
       198         14          0          0          0      33655   stm32f4xx_hal_cortex.o
       182          0          0          0          0       1991   stm32f4xx_hal_dma.o
       522         46          0          0          0       2625   stm32f4xx_hal_gpio.o
        48          6          0          0          0        874   stm32f4xx_hal_msp.o
      1348         76          0          0          0       5072   stm32f4xx_hal_rcc.o
      2008         18          0          0          0       9047   stm32f4xx_hal_spi.o
      1110         72          0          0          0       9757   stm32f4xx_hal_tim.o
       148         28          0          0          0       2433   stm32f4xx_hal_tim_ex.o
      1668         16          0          0          0      10352   stm32f4xx_hal_uart.o
        56         18          0          0          0       5673   stm32f4xx_it.o
        16          4         24          4          0       1151   system_stm32f4xx.o
       160         12          0          0         72       1710   tim.o
       400         18          0          4          0       2311   uart_screen.o
       380         40          0         12         88       2655   usart.o

    ----------------------------------------------------------------------
     11988       1010        450        108       1984     759063   Object Totals
         0          0         32          0          0          0   (incl. Generated)
        32          0          2          4          0          0   (incl. Padding)

    ----------------------------------------------------------------------

      Code (inc. data)   RO Data    RW Data    ZI Data      Debug   Library Member Name

         8          0          0          0          0         68   __main.o
         0          0          0          0          0          0   __rtentry.o
        12          0          0          0          0          0   __rtentry2.o
         6          0          0          0          0          0   __rtentry4.o
        52          8          0          0          0          0   __scatter.o
        26          0          0          0          0          0   __scatter_copy.o
        28          0          0          0          0          0   __scatter_zi.o
        22          0          0          0          0        100   _rserrno.o
        12          0          0          0          0         72   exit.o
         6          0          0          0          0        152   heapauxi.o
         0          0          0          0          0          0   indicate_semi.o
         2          0          0          0          0          0   libinit.o
         6          0          0          0          0          0   libinit2.o
         2          0          0          0          0          0   libshutdown.o
         2          0          0          0          0          0   libshutdown2.o
         8          4          0          0         96         68   libspace.o
       238          0          0          0          0        100   lludivv7m.o
         8          4          0          0          0         68   rt_errno_addr_intlibspace.o
        78          0          0          0          0         80   rt_memclr_w.o
         2          0          0          0          0          0   rtexit.o
        10          0          0          0          0          0   rtexit2.o
        12          4          0          0          0         68   sys_exit.o
        74          0          0          0          0         80   sys_stackheap_outer.o
         2          0          0          0          0         68   use_no_semi.o
       826         16          0          0          0        492   daddsub_clz.o
        24          0          0          0          0        116   dcmpi.o
       688        140          0          0          0        256   ddiv.o
        94          4          0          0          0        140   dfix.o
        84          0          0          0          0        232   dflt_clz.o
       120          4          0          0          0        140   dleqf.o
       340         12          0          0          0        152   dmul.o
       156          4          0          0          0        140   dnaninf.o
        12          0          0          0          0        116   dretinf.o
       108          0          0          0          0        128   drleqf.o
       408         56          0          0          0        168   dsqrt_umaal.o
        10          0          0          0          0        116   fpinit.o
         0          0          0          0          0          0   usenofp.o
        20          0          0          0          0        124   fabs.o
       122          0          0          0          0        148   sqrt.o

    ----------------------------------------------------------------------
      3638        256          0          0        100       3392   Library Totals
        10          0          0          0          4          0   (incl. Padding)

    ----------------------------------------------------------------------

      Code (inc. data)   RO Data    RW Data    ZI Data      Debug   Library Name

       616         20          0          0         96        924   c_w.l
      2870        236          0          0          0       2196   fz_wm.l
       142          0          0          0          0        272   m_wm.l

    ----------------------------------------------------------------------
      3638        256          0          0        100       3392   Library Totals

    ----------------------------------------------------------------------

==============================================================================


      Code (inc. data)   RO Data    RW Data    ZI Data      Debug   

     15626       1266        450        108       2084     751791   Grand Totals
     15626       1266        450        108       2084     751791   ELF Image Totals
     15626       1266        450        108          0          0   ROM Totals

==============================================================================

    Total RO  Size (Code + RO Data)                16076 (  15.70kB)
    Total RW  Size (RW Data + ZI Data)              2192 (   2.14kB)
    Total ROM Size (Code + RO Data + RW Data)      16184 (  15.80kB)

==============================================================================

